../Core/Src/main.c:134:5:main	46
../Core/Src/main.c:373:6:SystemClock_Config	4
../Core/Src/main.c:421:13:MX_ADC3_Init	4
../Core/Src/main.c:487:13:MX_ADC4_Init	3
../Core/Src/main.c:544:13:MX_OPAMP3_Init	2
../Core/Src/main.c:576:13:MX_OPAMP4_Init	2
../Core/Src/main.c:608:13:MX_SPI1_Init	2
../Core/Src/main.c:648:13:MX_TIM3_Init	4
../Core/Src/main.c:693:13:MX_USART2_UART_Init	2
../Core/Src/main.c:726:13:MX_DMA_Init	1
../Core/Src/main.c:751:13:MX_GPIO_Init	1
../Core/Src/main.c:807:6:HAL_ADC_ConvCpltCallback	3
../Core/Src/main.c:817:6:HAL_SPI_TxCpltCallback	2
../Core/Src/main.c:826:10:Process_Signal	18
../Core/Src/main.c:913:6:Error_Handler	1
