../Core/Src/main.c:128:5:main	46
../Core/Src/main.c:364:6:SystemClock_Config	4
../Core/Src/main.c:412:13:MX_ADC1_Init	4
../Core/Src/main.c:478:13:MX_ADC2_Init	3
../Core/Src/main.c:535:13:MX_SPI1_Init	2
../Core/Src/main.c:575:13:MX_TIM3_Init	4
../Core/Src/main.c:620:13:MX_USART2_UART_Init	2
../Core/Src/main.c:653:13:MX_DMA_Init	1
../Core/Src/main.c:674:13:MX_GPIO_Init	1
../Core/Src/main.c:734:6:HAL_ADC_ConvCpltCallback	3
../Core/Src/main.c:744:6:HAL_SPI_TxCpltCallback	2
../Core/Src/main.c:753:10:Process_Signal	18
../Core/Src/main.c:840:6:Error_Handler	1
