../Core/Src/main.c:128:5:main	64	static
../Core/Src/main.c:364:6:SystemClock_Config	160	static
../Core/Src/main.c:412:13:MX_ADC1_Init	48	static
../Core/Src/main.c:478:13:MX_ADC2_Init	32	static
../Core/Src/main.c:535:13:MX_SPI1_Init	8	static
../Core/Src/main.c:575:13:MX_TIM3_Init	40	static
../Core/Src/main.c:620:13:MX_USART2_UART_Init	8	static
../Core/Src/main.c:653:13:MX_DMA_Init	16	static
../Core/Src/main.c:674:13:MX_GPIO_Init	48	static
../Core/Src/main.c:734:6:HAL_ADC_ConvCpltCallback	16	static
../Core/Src/main.c:744:6:HAL_SPI_TxCpltCallback	16	static
../Core/Src/main.c:753:10:Process_Signal	128	static
../Core/Src/main.c:840:6:Error_Handler	4	static,ignoring_inline_asm
