../Core/Src/main.c:129:5:main	64	static
../Core/Src/main.c:365:6:SystemClock_Config	160	static
../Core/Src/main.c:413:13:MX_ADC1_Init	48	static
../Core/Src/main.c:479:13:MX_ADC2_Init	32	static
../Core/Src/main.c:536:13:MX_SPI1_Init	8	static
../Core/Src/main.c:576:13:MX_TIM3_Init	40	static
../Core/Src/main.c:621:13:MX_USART2_UART_Init	8	static
../Core/Src/main.c:654:13:MX_DMA_Init	16	static
../Core/Src/main.c:679:13:MX_GPIO_Init	48	static
../Core/Src/main.c:739:6:HAL_ADC_ConvCpltCallback	16	static
../Core/Src/main.c:749:6:HAL_SPI_TxCpltCallback	16	static
../Core/Src/main.c:758:10:Process_Signal	128	static
../Core/Src/main.c:845:6:Error_Handler	4	static,ignoring_inline_asm
