Archive member included to satisfy reference by file (symbol)

D:/ST/STM32CubeIDE_2.0.0/STM32CubeIDE/plugins/com.st.stm32cube.ide.mcu.externaltools.gnu-tools-for-stm32.13.3.rel1.win32_1.0.100.202509120712/tools/bin/../lib/gcc/arm-none-eabi/13.3.1/../../../../arm-none-eabi/lib/thumb/v7e-m+fp/hard\libc_nano.a(libc_a-exit.o)
                              D:/ST/STM32CubeIDE_2.0.0/STM32CubeIDE/plugins/com.st.stm32cube.ide.mcu.externaltools.gnu-tools-for-stm32.13.3.rel1.win32_1.0.100.202509120712/tools/bin/../lib/gcc/arm-none-eabi/13.3.1/../../../../arm-none-eabi/lib/thumb/v7e-m+fp/hard/crt0.o (exit)
D:/ST/STM32CubeIDE_2.0.0/STM32CubeIDE/plugins/com.st.stm32cube.ide.mcu.externaltools.gnu-tools-for-stm32.13.3.rel1.win32_1.0.100.202509120712/tools/bin/../lib/gcc/arm-none-eabi/13.3.1/../../../../arm-none-eabi/lib/thumb/v7e-m+fp/hard\libc_nano.a(libc_a-findfp.o)
                              D:/ST/STM32CubeIDE_2.0.0/STM32CubeIDE/plugins/com.st.stm32cube.ide.mcu.externaltools.gnu-tools-for-stm32.13.3.rel1.win32_1.0.100.202509120712/tools/bin/../lib/gcc/arm-none-eabi/13.3.1/../../../../arm-none-eabi/lib/thumb/v7e-m+fp/hard\libc_nano.a(libc_a-exit.o) (__stdio_exit_handler)
D:/ST/STM32CubeIDE_2.0.0/STM32CubeIDE/plugins/com.st.stm32cube.ide.mcu.externaltools.gnu-tools-for-stm32.13.3.rel1.win32_1.0.100.202509120712/tools/bin/../lib/gcc/arm-none-eabi/13.3.1/../../../../arm-none-eabi/lib/thumb/v7e-m+fp/hard\libc_nano.a(libc_a-fwalk.o)
                              D:/ST/STM32CubeIDE_2.0.0/STM32CubeIDE/plugins/com.st.stm32cube.ide.mcu.externaltools.gnu-tools-for-stm32.13.3.rel1.win32_1.0.100.202509120712/tools/bin/../lib/gcc/arm-none-eabi/13.3.1/../../../../arm-none-eabi/lib/thumb/v7e-m+fp/hard\libc_nano.a(libc_a-findfp.o) (_fwalk_sglue)
D:/ST/STM32CubeIDE_2.0.0/STM32CubeIDE/plugins/com.st.stm32cube.ide.mcu.externaltools.gnu-tools-for-stm32.13.3.rel1.win32_1.0.100.202509120712/tools/bin/../lib/gcc/arm-none-eabi/13.3.1/../../../../arm-none-eabi/lib/thumb/v7e-m+fp/hard\libc_nano.a(libc_a-stdio.o)
                              D:/ST/STM32CubeIDE_2.0.0/STM32CubeIDE/plugins/com.st.stm32cube.ide.mcu.externaltools.gnu-tools-for-stm32.13.3.rel1.win32_1.0.100.202509120712/tools/bin/../lib/gcc/arm-none-eabi/13.3.1/../../../../arm-none-eabi/lib/thumb/v7e-m+fp/hard\libc_nano.a(libc_a-findfp.o) (__sread)
D:/ST/STM32CubeIDE_2.0.0/STM32CubeIDE/plugins/com.st.stm32cube.ide.mcu.externaltools.gnu-tools-for-stm32.13.3.rel1.win32_1.0.100.202509120712/tools/bin/../lib/gcc/arm-none-eabi/13.3.1/../../../../arm-none-eabi/lib/thumb/v7e-m+fp/hard\libc_nano.a(libc_a-memset.o)
                              D:/ST/STM32CubeIDE_2.0.0/STM32CubeIDE/plugins/com.st.stm32cube.ide.mcu.externaltools.gnu-tools-for-stm32.13.3.rel1.win32_1.0.100.202509120712/tools/bin/../lib/gcc/arm-none-eabi/13.3.1/../../../../arm-none-eabi/lib/thumb/v7e-m+fp/hard/crt0.o (memset)
D:/ST/STM32CubeIDE_2.0.0/STM32CubeIDE/plugins/com.st.stm32cube.ide.mcu.externaltools.gnu-tools-for-stm32.13.3.rel1.win32_1.0.100.202509120712/tools/bin/../lib/gcc/arm-none-eabi/13.3.1/../../../../arm-none-eabi/lib/thumb/v7e-m+fp/hard\libc_nano.a(libc_a-closer.o)
                              D:/ST/STM32CubeIDE_2.0.0/STM32CubeIDE/plugins/com.st.stm32cube.ide.mcu.externaltools.gnu-tools-for-stm32.13.3.rel1.win32_1.0.100.202509120712/tools/bin/../lib/gcc/arm-none-eabi/13.3.1/../../../../arm-none-eabi/lib/thumb/v7e-m+fp/hard\libc_nano.a(libc_a-stdio.o) (_close_r)
D:/ST/STM32CubeIDE_2.0.0/STM32CubeIDE/plugins/com.st.stm32cube.ide.mcu.externaltools.gnu-tools-for-stm32.13.3.rel1.win32_1.0.100.202509120712/tools/bin/../lib/gcc/arm-none-eabi/13.3.1/../../../../arm-none-eabi/lib/thumb/v7e-m+fp/hard\libc_nano.a(libc_a-reent.o)
                              D:/ST/STM32CubeIDE_2.0.0/STM32CubeIDE/plugins/com.st.stm32cube.ide.mcu.externaltools.gnu-tools-for-stm32.13.3.rel1.win32_1.0.100.202509120712/tools/bin/../lib/gcc/arm-none-eabi/13.3.1/../../../../arm-none-eabi/lib/thumb/v7e-m+fp/hard\libc_nano.a(libc_a-closer.o) (errno)
D:/ST/STM32CubeIDE_2.0.0/STM32CubeIDE/plugins/com.st.stm32cube.ide.mcu.externaltools.gnu-tools-for-stm32.13.3.rel1.win32_1.0.100.202509120712/tools/bin/../lib/gcc/arm-none-eabi/13.3.1/../../../../arm-none-eabi/lib/thumb/v7e-m+fp/hard\libc_nano.a(libc_a-impure.o)
                              D:/ST/STM32CubeIDE_2.0.0/STM32CubeIDE/plugins/com.st.stm32cube.ide.mcu.externaltools.gnu-tools-for-stm32.13.3.rel1.win32_1.0.100.202509120712/tools/bin/../lib/gcc/arm-none-eabi/13.3.1/../../../../arm-none-eabi/lib/thumb/v7e-m+fp/hard\libc_nano.a(libc_a-reent.o) (_impure_ptr)
D:/ST/STM32CubeIDE_2.0.0/STM32CubeIDE/plugins/com.st.stm32cube.ide.mcu.externaltools.gnu-tools-for-stm32.13.3.rel1.win32_1.0.100.202509120712/tools/bin/../lib/gcc/arm-none-eabi/13.3.1/../../../../arm-none-eabi/lib/thumb/v7e-m+fp/hard\libc_nano.a(libc_a-lseekr.o)
[...]
Memory Configuration

Name             Origin             Length             Attributes
CCMRAM           0x10000000         0x00004000         xrw
RAM              0x20000000         0x00010000         xrw
FLASH            0x08000000         0x00080000         xr
*default*        0x00000000         0xffffffff

Linker script and memory map

LOAD D:/ST/STM32CubeIDE_2.0.0/STM32CubeIDE/plugins/com.st.stm32cube.ide.mcu.externaltools.gnu-tools-for-stm32.13.3.rel1.win32_1.0.100.202509120712/tools/bin/../lib/gcc/arm-none-eabi/13.3.1/thumb/v7e-m+fp/hard/crti.o
LOAD D:/ST/STM32CubeIDE_2.0.0/STM32CubeIDE/plugins/com.st.stm32cube.ide.mcu.externaltools.gnu-tools-for-stm32.13.3.rel1.win32_1.0.100.202509120712/tools/bin/../lib/gcc/arm-none-eabi/13.3.1/thumb/v7e-m+fp/hard/crtbegin.o
LOAD D:/ST/STM32CubeIDE_2.0.0/STM32CubeIDE/plugins/com.st.stm32cube.ide.mcu.externaltools.gnu-tools-for-stm32.13.3.rel1.win32_1.0.100.202509120712/tools/bin/../lib/gcc/arm-none-eabi/13.3.1/../../../../arm-none-eabi/lib/thumb/v7e-m+fp/hard/crt0.o
LOAD ./Core/Src/main.o
LOAD ./Core/Src/stm32f3xx_hal_msp.o
LOAD ./Core/Src/stm32f3xx_it.o
LOAD ./Core/Src/syscalls.o
LOAD ./Core/Src/sysmem.o
LOAD ./Core/Src/system_stm32f3xx.o
LOAD ./Core/Startup/startup_stm32f303retx.o
LOAD ./Drivers/STM32F3xx_HAL_Driver/Src/stm32f3xx_hal.o
LOAD ./Drivers/STM32F3xx_HAL_Driver/Src/stm32f3xx_hal_adc.o
LOAD ./Drivers/STM32F3xx_HAL_Driver/Src/stm32f3xx_hal_adc_ex.o
LOAD ./Drivers/STM32F3xx_HAL_Driver/Src/stm32f3xx_hal_cortex.o
LOAD ./Drivers/STM32F3xx_HAL_Driver/Src/stm32f3xx_hal_dma.o
LOAD ./Drivers/STM32F3xx_HAL_Driver/Src/stm32f3xx_hal_exti.o
LOAD ./Drivers/STM32F3xx_HAL_Driver/Src/stm32f3xx_hal_flash.o
LOAD ./Drivers/STM32F3xx_HAL_Driver/Src/stm32f3xx_hal_flash_ex.o
LOAD ./Drivers/STM32F3xx_HAL_Driver/Src/stm32f3xx_hal_gpio.o
LOAD ./Drivers/STM32F3xx_HAL_Driver/Src/stm32f3xx_hal_i2c.o
LOAD ./Drivers/STM32F3xx_HAL_Driver/Src/stm32f3xx_hal_i2c_ex.o
LOAD ./Drivers/STM32F3xx_HAL_Driver/Src/stm32f3xx_hal_opamp.o
LOAD ./Drivers/STM32F3xx_HAL_Driver/Src/stm32f3xx_hal_opamp_ex.o
LOAD ./Drivers/STM32F3xx_HAL_Driver/Src/stm32f3xx_hal_pwr.o
LOAD ./Drivers/STM32F3xx_HAL_Driver/Src/stm32f3xx_hal_pwr_ex.o
LOAD ./Drivers/STM32F3xx_HAL_Driver/Src/stm32f3xx_hal_rcc.o
LOAD ./Drivers/STM32F3xx_HAL_Driver/Src/stm32f3xx_hal_rcc_ex.o
LOAD ./Drivers/STM32F3xx_HAL_Driver/Src/stm32f3xx_hal_spi.o
LOAD ./Drivers/STM32F3xx_HAL_Driver/Src/stm32f3xx_hal_spi_ex.o
LOAD ./Drivers/STM32F3xx_HAL_Driver/Src/stm32f3xx_hal_tim.o
LOAD ./Drivers/STM32F3xx_HAL_Driver/Src/stm32f3xx_hal_tim_ex.o
LOAD ./Drivers/STM32F3xx_HAL_Driver/Src/stm32f3xx_hal_uart.o
LOAD ./Drivers/STM32F3xx_HAL_Driver/Src/stm32f3xx_hal_uart_ex.o
START GROUP
LOAD D:/ST/STM32CubeIDE_2.0.0/STM32CubeIDE/plugins/com.st.stm32cube.ide.mcu.externaltools.gnu-tools-for-stm32.13.3.rel1.win32_1.0.100.202509120712/tools/bin/../lib/gcc/arm-none-eabi/13.3.1/../../../../arm-none-eabi/lib/thumb/v7e-m+fp/hard\libc_nano.a
LOAD D:/ST/STM32CubeIDE_2.0.0/STM32CubeIDE/plugins/com.st.stm32cube.ide.mcu.externaltools.gnu-tools-for-stm32.13.3.rel1.win32_1.0.100.202509120712/tools/bin/../lib/gcc/arm-none-eabi/13.3.1/../../../../arm-none-eabi/lib/thumb/v7e-m+fp/hard\libm.a
END GROUP
START GROUP
LOAD D:/ST/STM32CubeIDE_2.0.0/STM32CubeIDE/plugins/com.st.stm32cube.ide.mcu.externaltools.gnu-tools-for-stm32.13.3.rel1.win32_1.0.100.202509120712/tools/bin/../lib/gcc/arm-none-eabi/13.3.1/thumb/v7e-m+fp/hard\libgcc.a
LOAD D:/ST/STM32CubeIDE_2.0.0/STM32CubeIDE/plugins/com.st.stm32cube.ide.mcu.externaltools.gnu-tools-for-stm32.13.3.rel1.win32_1.0.100.202509120712/tools/bin/../lib/gcc/arm-none-eabi/13.3.1/../../../../arm-none-eabi/lib/thumb/v7e-m+fp/hard\libc_nano.a
END GROUP
START GROUP
LOAD D:/ST/STM32CubeIDE_2.0.0/STM32CubeIDE/plugins/com.st.stm32cube.ide.mcu.externaltools.gnu-tools-for-stm32.13.3.rel1.win32_1.0.100.202509120712/tools/bin/../lib/gcc/arm-none-eabi/13.3.1/thumb/v7e-m+fp/hard\libgcc.a
LOAD D:/ST/STM32CubeIDE_2.0.0/STM32CubeIDE/plugins/com.st.stm32cube.ide.mcu.externaltools.gnu-tools-for-stm32.13.3.rel1.win32_1.0.100.202509120712/tools/bin/../lib/gcc/arm-none-eabi/13.3.1/../../../../arm-none-eabi/lib/thumb/v7e-m+fp/hard\libc_nano.a
LOAD D:/ST/STM32CubeIDE_2.0.0/STM32CubeIDE/plugins/com.st.stm32cube.ide.mcu.externaltools.gnu-tools-for-stm32.13.3.rel1.win32_1.0.100.202509120712/tools/bin/../lib/gcc/arm-none-eabi/13.3.1/../../../../arm-none-eabi/lib/thumb/v7e-m+fp/hard\libnosys.a
END GROUP
START GROUP
LOAD D:/ST/STM32CubeIDE_2.0.0/STM32CubeIDE/plugins/com.st.stm32cube.ide.mcu.externaltools.gnu-tools-for-stm32.13.3.rel1.win32_1.0.100.202509120712/tools/bin/../lib/gcc/arm-none-eabi/13.3.1/thumb/v7e-m+fp/hard\libgcc.a
LOAD D:/ST/STM32CubeIDE_2.0.0/STM32CubeIDE/plugins/com.st.stm32cube.ide.mcu.externaltools.gnu-tools-for-stm32.13.3.rel1.win32_1.0.100.202509120712/tools/bin/../lib/gcc/arm-none-eabi/13.3.1/../../../../arm-none-eabi/lib/thumb/v7e-m+fp/hard\libc_nano.a
LOAD D:/ST/STM32CubeIDE_2.0.0/STM32CubeIDE/plugins/com.st.stm32cube.ide.mcu.externaltools.gnu-tools-for-stm32.13.3.rel1.win32_1.0.100.202509120712/tools/bin/../lib/gcc/arm-none-eabi/13.3.1/../../../../arm-none-eabi/lib/thumb/v7e-m+fp/hard\libnosys.a
END GROUP
LOAD D:/ST/STM32CubeIDE_2.0.0/STM32CubeIDE/plugins/com.st.stm32cube.ide.mcu.externaltools.gnu-tools-for-stm32.13.3.rel1.win32_1.0.100.202509120712/tools/bin/../lib/gcc/arm-none-eabi/13.3.1/thumb/v7e-m+fp/hard/crtend.o
LOAD D:/ST/STM32CubeIDE_2.0.0/STM32CubeIDE/plugins/com.st.stm32cube.ide.mcu.externaltools.gnu-tools-for-stm32.13.3.rel1.win32_1.0.100.202509120712/tools/bin/../lib/gcc/arm-none-eabi/13.3.1/thumb/v7e-m+fp/hard/crtn.o
                0x20010000                        _estack = (ORIGIN (RAM) + LENGTH (RAM))
                0x00000200                        _Min_Heap_Size = 0x200
                0x00000400                        _Min_Stack_Size = 0x400

.isr_vector     0x08000000      0x194
                0x08000000                        . = ALIGN (0x4)
 *(.isr_vector)
 .isr_vector    0x08000000      0x194 ./Core/Startup/startup_stm32f303retx.o
                0x08000000                g_pfnVectors
                0x08000194                        . = ALIGN (0x4)

.text           0x08000194     0x685c
                0x08000194                        . = ALIGN (0x4)
 *(.text)
 .text          0x08000194       0x40 D:/ST/STM32CubeIDE_2.0.0/STM32CubeIDE/plugins/com.st.stm32cube.ide.mcu.externaltools.gnu-tools-for-stm32.13.3.rel1.win32_1.0.100.202509120712/tools/bin/../lib/gcc/arm-none-eabi/13.3.1/thumb/v7e-m+fp/hard/crtbegin.o
 .text          0x080001d4      0x21c D:/ST/STM32CubeIDE_2.0.0/STM32CubeIDE/plugins/com.st.stm32cube.ide.mcu.externaltools.gnu-tools-for-stm32.13.3.rel1.win32_1.0.100.202509120712/tools/bin/../lib/gcc/arm-none-eabi/13.3.1/thumb/v7e-m+fp/hard\libgcc.a(_arm_addsubsf3.o)
                0x080001d4                __aeabi_frsub
                0x080001dc                __subsf3
                0x080001dc                __aeabi_fsub
                0x080001e0                __aeabi_fadd
                0x080001e0                __addsf3
                0x08000340                __aeabi_ui2f
                0x08000340                __floatunsisf
                0x08000348                __aeabi_i2f
                0x08000348                __floatsisf
                0x08000364                __aeabi_ul2f
                0x08000364                __floatundisf
                0x08000374                __aeabi_l2f
                0x08000374                __floatdisf
 *(.text*)
 .text.main     0x080003f0      0x81c ./Core/Src/main.o
                0x080003f0                main
 .text.SystemClock_Config
                0x08000c0c       0xc4 ./Core/Src/main.o
                0x08000c0c                SystemClock_Config
 .text.MX_ADC3_Init
                0x08000cd0       0xe8 ./Core/Src/main.o
 .text.MX_ADC4_Init
                0x08000db8       0xc0 ./Core/Src/main.o
 .text.MX_OPAMP3_Init
                0x08000e78       0x4c ./Core/Src/main.o
 .text.MX_OPAMP4_Init
                0x08000ec4       0x4c ./Core/Src/main.o
 .text.MX_SPI1_Init
                0x08000f10       0x7c ./Core/Src/main.o
 .text.MX_TIM3_Init
                0x08000f8c       0x9c ./Core/Src/main.o
 .text.MX_USART2_UART_Init
                0x08001028       0x60 ./Core/Src/main.o
 .text.MX_DMA_Init
                0x08001088       0x74 ./Core/Src/main.o
 .text.MX_GPIO_Init
                0x080010fc      0x11c ./Core/Src/main.o
 .text.HAL_ADC_ConvCpltCallback
                0x08001218       0x44 ./Core/Src/main.o
                0x08001218                HAL_ADC_ConvCpltCallback
 .text.HAL_SPI_TxCpltCallback
                0x0800125c       0x54 ./Core/Src/main.o
                0x0800125c                HAL_SPI_TxCpltCallback
 .text.Process_Signal
                0x080012b0      0x2f0 ./Core/Src/main.o
                0x080012b0                Process_Signal
 .text.Error_Handler
                0x080015a0        0xc ./Core/Src/main.o
                0x080015a0                Error_Handler
 .text.HAL_MspInit
                0x080015ac       0x48 ./Core/Src/stm32f3xx_hal_msp.o
                0x080015ac                HAL_MspInit
 .text.HAL_ADC_MspInit
                0x080015f4      0x13c ./Core/Src/stm32f3xx_hal_msp.o
                0x080015f4                HAL_ADC_MspInit
 .text.HAL_OPAMP_MspInit
                0x08001730       0xa8 ./Core/Src/stm32f3xx_hal_msp.o
                0x08001730                HAL_OPAMP_MspInit
 .text.HAL_SPI_MspInit
                0x080017d8       0xe8 ./Core/Src/stm32f3xx_hal_msp.o
                0x080017d8                HAL_SPI_MspInit
 .text.HAL_TIM_Base_MspInit
                0x080018c0       0x40 ./Core/Src/stm32f3xx_hal_msp.o
                0x080018c0                HAL_TIM_Base_MspInit
 .text.HAL_UART_MspInit
                0x08001900       0x84 ./Core/Src/stm32f3xx_hal_msp.o
                0x08001900                HAL_UART_MspInit
 .text.NMI_Handler
                0x08001984        0x8 ./Core/Src/stm32f3xx_it.o
                0x08001984                NMI_Handler
 .text.HardFault_Handler
                0x0800198c        0x8 ./Core/Src/stm32f3xx_it.o
                0x0800198c                HardFault_Handler
 .text.MemManage_Handler
                0x08001994        0x8 ./Core/Src/stm32f3xx_it.o
                0x08001994                MemManage_Handler
 .text.BusFault_Handler
                0x0800199c        0x8 ./Core/Src/stm32f3xx_it.o
                0x0800199c                BusFault_Handler
 .text.UsageFault_Handler
                0x080019a4        0x8 ./Core/Src/stm32f3xx_it.o
                0x080019a4                UsageFault_Handler
 .text.SVC_Handler
                0x080019ac        0xe ./Core/Src/stm32f3xx_it.o
                0x080019ac                SVC_Handler
 .text.DebugMon_Handler
                0x080019ba        0xe ./Core/Src/stm32f3xx_it.o
                0x080019ba                DebugMon_Handler
 .text.PendSV_Handler
                0x080019c8        0xe ./Core/Src/stm32f3xx_it.o
                0x080019c8                PendSV_Handler
 .text.SysTick_Handler
                0x080019d6        0xc ./Core/Src/stm32f3xx_it.o
                0x080019d6                SysTick_Handler
 *fill*         0x080019e2        0x2 
 .text.DMA1_Channel3_IRQHandler
                0x080019e4       0x14 ./Core/Src/stm32f3xx_it.o
                0x080019e4                DMA1_Channel3_IRQHandler
 .text.SPI1_IRQHandler
                0x080019f8       0x14 ./Core/Src/stm32f3xx_it.o
                0x080019f8                SPI1_IRQHandler
 .text.DMA2_Channel2_IRQHandler
                0x08001a0c       0x14 ./Core/Src/stm32f3xx_it.o
                0x08001a0c                DMA2_Channel2_IRQHandler
 .text.DMA2_Channel5_IRQHandler
                0x08001a20       0x14 ./Core/Src/stm32f3xx_it.o
                0x08001a20                DMA2_Channel5_IRQHandler
 .text.SystemInit
                0x08001a34       0x24 ./Core/Src/system_stm32f3xx.o
                0x08001a34                SystemInit
 .text.Reset_Handler
                0x08001a58       0x50 ./Core/Startup/startup_stm32f303retx.o
                0x08001a58                Reset_Handler
 .text.Default_Handler
                0x08001aa8        0x2 ./Core/Startup/startup_stm32f303retx.o
                0x08001aa8                RTC_Alarm_IRQHandler
                0x08001aa8                TIM8_TRG_COM_IRQHandler
                0x08001aa8                TIM8_CC_IRQHandler
                0x08001aa8                SPI4_IRQHandler
                0x08001aa8                TIM1_CC_IRQHandler
                0x08001aa8                USB_HP_IRQHandler
                0x08001aa8                PVD_IRQHandler
                0x08001aa8                TAMP_STAMP_IRQHandler
                0x08001aa8                EXTI3_IRQHandler
                0x08001aa8                I2C3_ER_IRQHandler
                0x08001aa8                USB_HP_CAN_TX_IRQHandler
                0x08001aa8                EXTI0_IRQHandler
                0x08001aa8                I2C2_EV_IRQHandler
                0x08001aa8                FPU_IRQHandler
                0x08001aa8                TIM1_UP_TIM16_IRQHandler
                0x08001aa8                ADC1_2_IRQHandler
                0x08001aa8                CAN_SCE_IRQHandler
                0x08001aa8                TIM6_DAC_IRQHandler
                0x08001aa8                TIM8_UP_IRQHandler
                0x08001aa8                DMA1_Channel4_IRQHandler
                0x08001aa8                TIM20_TRG_COM_IRQHandler
                0x08001aa8                USART3_IRQHandler
                0x08001aa8                DMA1_Channel7_IRQHandler
                0x08001aa8                UART5_IRQHandler
                0x08001aa8                ADC3_IRQHandler
                0x08001aa8                TIM4_IRQHandler
                0x08001aa8                CAN_RX1_IRQHandler
                0x08001aa8                DMA2_Channel1_IRQHandler
                0x08001aa8                I2C1_EV_IRQHandler
                0x08001aa8                DMA1_Channel6_IRQHandler
                0x08001aa8                UART4_IRQHandler
                0x08001aa8                DMA2_Channel4_IRQHandler
                0x08001aa8                TIM3_IRQHandler
                0x08001aa8                RCC_IRQHandler
                0x08001aa8                TIM20_UP_IRQHandler
                0x08001aa8                DMA1_Channel1_IRQHandler
                0x08001aa8                Default_Handler
                0x08001aa8                USBWakeUp_RMP_IRQHandler
                0x08001aa8                EXTI15_10_IRQHandler
                0x08001aa8                TIM7_IRQHandler
                0x08001aa8                I2C3_EV_IRQHandler
                0x08001aa8                EXTI9_5_IRQHandler
                0x08001aa8                RTC_WKUP_IRQHandler
                0x08001aa8                SPI2_IRQHandler
                0x08001aa8                USB_LP_CAN_RX0_IRQHandler
                0x08001aa8                DMA1_Channel5_IRQHandler
                0x08001aa8                USB_LP_IRQHandler
                0x08001aa8                EXTI4_IRQHandler
                0x08001aa8                TIM1_TRG_COM_TIM17_IRQHandler
                0x08001aa8                ADC4_IRQHandler
                0x08001aa8                WWDG_IRQHandler
                0x08001aa8                TIM2_IRQHandler
                0x08001aa8                COMP7_IRQHandler
                0x08001aa8                COMP1_2_3_IRQHandler
                0x08001aa8                EXTI1_IRQHandler
                0x08001aa8                USART2_IRQHandler
                0x08001aa8                COMP4_5_6_IRQHandler
                0x08001aa8                TIM20_BRK_IRQHandler
                0x08001aa8                I2C2_ER_IRQHandler
                0x08001aa8                DMA1_Channel2_IRQHandler
                0x08001aa8                TIM8_BRK_IRQHandler
                0x08001aa8                FLASH_IRQHandler
                0x08001aa8                TIM20_CC_IRQHandler
                0x08001aa8                USART1_IRQHandler
                0x08001aa8                SPI3_IRQHandler
                0x08001aa8                I2C1_ER_IRQHandler
                0x08001aa8                FMC_IRQHandler
                0x08001aa8                USBWakeUp_IRQHandler
                0x08001aa8                DMA2_Channel3_IRQHandler
                0x08001aa8                EXTI2_TSC_IRQHandler
                0x08001aa8                TIM1_BRK_TIM15_IRQHandler
 *fill*         0x08001aaa        0x2 
 .text.HAL_Init
                0x08001aac       0x2c ./Drivers/STM32F3xx_HAL_Driver/Src/stm32f3xx_hal.o
                0x08001aac                HAL_Init
 .text.HAL_InitTick
                0x08001ad8       0x60 ./Drivers/STM32F3xx_HAL_Driver/Src/stm32f3xx_hal.o
                0x08001ad8                HAL_InitTick
 .text.HAL_IncTick
                0x08001b38       0x28 ./Drivers/STM32F3xx_HAL_Driver/Src/stm32f3xx_hal.o
                0x08001b38                HAL_IncTick
 .text.HAL_GetTick
                0x08001b60       0x18 ./Drivers/STM32F3xx_HAL_Driver/Src/stm32f3xx_hal.o
                0x08001b60                HAL_GetTick
 .text.HAL_ADC_ConvHalfCpltCallback
                0x08001b78       0x14 ./Drivers/STM32F3xx_HAL_Driver/Src/stm32f3xx_hal_adc.o
                0x08001b78                HAL_ADC_ConvHalfCpltCallback
 .text.HAL_ADC_ErrorCallback
                0x08001b8c       0x14 ./Drivers/STM32F3xx_HAL_Driver/Src/stm32f3xx_hal_adc.o
                0x08001b8c                HAL_ADC_ErrorCallback
 .text.HAL_ADC_Init
                0x08001ba0      0x3f4 ./Drivers/STM32F3xx_HAL_Driver/Src/stm32f3xx_hal_adc_ex.o
                0x08001ba0                HAL_ADC_Init
 .text.HAL_ADC_Start_DMA
                0x08001f94      0x238 ./Drivers/STM32F3xx_HAL_Driver/Src/stm32f3xx_hal_adc_ex.o
                0x08001f94                HAL_ADC_Start_DMA
 .text.HAL_ADCEx_Calibration_Start
                0x080021cc       0xe4 ./Drivers/STM32F3xx_HAL_Driver/Src/stm32f3xx_hal_adc_ex.o
                0x080021cc                HAL_ADCEx_Calibration_Start
 .text.HAL_ADC_ConfigChannel
                0x080022b0      0x5d4 ./Drivers/STM32F3xx_HAL_Driver/Src/stm32f3xx_hal_adc_ex.o
                0x080022b0                HAL_ADC_ConfigChannel
 .text.HAL_ADCEx_MultiModeConfigChannel
                0x08002884      0x1e4 ./Drivers/STM32F3xx_HAL_Driver/Src/stm32f3xx_hal_adc_ex.o
                0x08002884                HAL_ADCEx_MultiModeConfigChannel
 .text.ADC_DMAConvCplt
                0x08002a68       0x7a ./Drivers/STM32F3xx_HAL_Driver/Src/stm32f3xx_hal_adc_ex.o
 .text.ADC_DMAHalfConvCplt
                0x08002ae2       0x1c ./Drivers/STM32F3xx_HAL_Driver/Src/stm32f3xx_hal_adc_ex.o
 .text.ADC_DMAError
                0x08002afe       0x34 ./Drivers/STM32F3xx_HAL_Driver/Src/stm32f3xx_hal_adc_ex.o
 *fill*         0x08002b32        0x2 
 .text.ADC_Enable
                0x08002b34       0xc8 ./Drivers/STM32F3xx_HAL_Driver/Src/stm32f3xx_hal_adc_ex.o
 .text.ADC_Disable
                0x08002bfc       0xcc ./Drivers/STM32F3xx_HAL_Driver/Src/stm32f3xx_hal_adc_ex.o
 .text.__NVIC_SetPriorityGrouping
                0x08002cc8       0x48 ./Drivers/STM32F3xx_HAL_Driver/Src/stm32f3xx_hal_cortex.o
 .text.__NVIC_GetPriorityGrouping
                0x08002d10       0x1c ./Drivers/STM32F3xx_HAL_Driver/Src/stm32f3xx_hal_cortex.o
 .text.__NVIC_EnableIRQ
                0x08002d2c       0x3c ./Drivers/STM32F3xx_HAL_Driver/Src/stm32f3xx_hal_cortex.o
 .text.__NVIC_SetPriority
                0x08002d68       0x54 ./Drivers/STM32F3xx_HAL_Driver/Src/stm32f3xx_hal_cortex.o
 .text.NVIC_EncodePriority
                0x08002dbc       0x66 ./Drivers/STM32F3xx_HAL_Driver/Src/stm32f3xx_hal_cortex.o
 *fill*         0x08002e22        0x2 
 .text.SysTick_Config
                0x08002e24       0x44 ./Drivers/STM32F3xx_HAL_Driver/Src/stm32f3xx_hal_cortex.o
 .text.HAL_NVIC_SetPriorityGrouping
                0x08002e68       0x16 ./Drivers/STM32F3xx_HAL_Driver/Src/stm32f3xx_hal_cortex.o
                0x08002e68                HAL_NVIC_SetPriorityGrouping
 .text.HAL_NVIC_SetPriority
                0x08002e7e       0x38 ./Drivers/STM32F3xx_HAL_Driver/Src/stm32f3xx_hal_cortex.o
                0x08002e7e                HAL_NVIC_SetPriority
 .text.HAL_NVIC_EnableIRQ
                0x08002eb6       0x1c ./Drivers/STM32F3xx_HAL_Driver/Src/stm32f3xx_hal_cortex.o
                0x08002eb6                HAL_NVIC_EnableIRQ
 .text.HAL_SYSTICK_Config
                0x08002ed2       0x18 ./Drivers/STM32F3xx_HAL_Driver/Src/stm32f3xx_hal_cortex.o
                0x08002ed2                HAL_SYSTICK_Config
 .text.HAL_DMA_Init
                0x08002eea       0x8e ./Drivers/STM32F3xx_HAL_Driver/Src/stm32f3xx_hal_dma.o
                0x08002eea                HAL_DMA_Init
 .text.HAL_DMA_Start_IT
                0x08002f78       0xbe ./Drivers/STM32F3xx_HAL_Driver/Src/stm32f3xx_hal_dma.o
                0x08002f78                HAL_DMA_Start_IT
 .text.HAL_DMA_Abort_IT
                0x08003036       0x7c ./Drivers/STM32F3xx_HAL_Driver/Src/stm32f3xx_hal_dma.o
                0x08003036                HAL_DMA_Abort_IT
 .text.HAL_DMA_IRQHandler
                0x080030b2      0x146 ./Drivers/STM32F3xx_HAL_Driver/Src/stm32f3xx_hal_dma.o
                0x080030b2                HAL_DMA_IRQHandler
 .text.DMA_SetConfig
                0x080031f8       0x5c ./Drivers/STM32F3xx_HAL_Driver/Src/stm32f3xx_hal_dma.o
 .text.DMA_CalcBaseAndBitshift
                0x08003254       0x78 ./Drivers/STM32F3xx_HAL_Driver/Src/stm32f3xx_hal_dma.o
 .text.HAL_GPIO_Init
                0x080032cc      0x314 ./Drivers/STM32F3xx_HAL_Driver/Src/stm32f3xx_hal_gpio.o
                0x080032cc                HAL_GPIO_Init
 .text.HAL_GPIO_ReadPin
                0x080035e0       0x30 ./Drivers/STM32F3xx_HAL_Driver/Src/stm32f3xx_hal_gpio.o
                0x080035e0                HAL_GPIO_ReadPin
 .text.HAL_GPIO_WritePin
                0x08003610       0x30 ./Drivers/STM32F3xx_HAL_Driver/Src/stm32f3xx_hal_gpio.o
                0x08003610                HAL_GPIO_WritePin
 .text.HAL_OPAMP_Init
                0x08003640      0x148 ./Drivers/STM32F3xx_HAL_Driver/Src/stm32f3xx_hal_opamp.o
                0x08003640                HAL_OPAMP_Init
 .text.HAL_OPAMP_Start
                0x08003788       0x62 ./Drivers/STM32F3xx_HAL_Driver/Src/stm32f3xx_hal_opamp.o
                0x08003788                HAL_OPAMP_Start
 *fill*         0x080037ea        0x2 
 .text.HAL_RCC_OscConfig
                0x080037ec     0x1048 ./Drivers/STM32F3xx_HAL_Driver/Src/stm32f3xx_hal_rcc.o
                0x080037ec                HAL_RCC_OscConfig
 .text.HAL_RCC_ClockConfig
                0x08004834      0x2dc ./Drivers/STM32F3xx_HAL_Driver/Src/stm32f3xx_hal_rcc.o
                0x08004834                HAL_RCC_ClockConfig
 .text.HAL_RCC_GetSysClockFreq
                0x08004b10       0xa8 ./Drivers/STM32F3xx_HAL_Driver/Src/stm32f3xx_hal_rcc.o
                0x08004b10                HAL_RCC_GetSysClockFreq
 .text.HAL_RCC_GetHCLKFreq
                0x08004bb8       0x18 ./Drivers/STM32F3xx_HAL_Driver/Src/stm32f3xx_hal_rcc.o
                0x08004bb8                HAL_RCC_GetHCLKFreq
 .text.HAL_RCC_GetPCLK1Freq
                0x08004bd0       0x44 ./Drivers/STM32F3xx_HAL_Driver/Src/stm32f3xx_hal_rcc.o
                0x08004bd0                HAL_RCC_GetPCLK1Freq
 .text.HAL_RCC_GetPCLK2Freq
                0x08004c14       0x44 ./Drivers/STM32F3xx_HAL_Driver/Src/stm32f3xx_hal_rcc.o
                0x08004c14                HAL_RCC_GetPCLK2Freq
 .text.HAL_RCCEx_PeriphCLKConfig
                0x08004c58      0x438 ./Drivers/STM32F3xx_HAL_Driver/Src/stm32f3xx_hal_rcc_ex.o
                0x08004c58                HAL_RCCEx_PeriphCLKConfig
 .text.HAL_SPI_Init
                0x08005090      0x156 ./Drivers/STM32F3xx_HAL_Driver/Src/stm32f3xx_hal_spi.o
                0x08005090                HAL_SPI_Init
 *fill*         0x080051e6        0x2 
 .text.HAL_SPI_Transmit_DMA
                0x080051e8      0x1e0 ./Drivers/STM32F3xx_HAL_Driver/Src/stm32f3xx_hal_spi.o
                0x080051e8                HAL_SPI_Transmit_DMA
 .text.HAL_SPI_IRQHandler
                0x080053c8      0x200 ./Drivers/STM32F3xx_HAL_Driver/Src/stm32f3xx_hal_spi.o
                0x080053c8                HAL_SPI_IRQHandler
 .text.HAL_SPI_TxHalfCpltCallback
                0x080055c8       0x14 ./Drivers/STM32F3xx_HAL_Driver/Src/stm32f3xx_hal_spi.o
                0x080055c8                HAL_SPI_TxHalfCpltCallback
 .text.HAL_SPI_ErrorCallback
                0x080055dc       0x14 ./Drivers/STM32F3xx_HAL_Driver/Src/stm32f3xx_hal_spi.o
                0x080055dc                HAL_SPI_ErrorCallback
 .text.HAL_SPI_GetState
                0x080055f0       0x1c ./Drivers/STM32F3xx_HAL_Driver/Src/stm32f3xx_hal_spi.o
                0x080055f0                HAL_SPI_GetState
 .text.SPI_DMATransmitCplt
                0x0800560c       0xa6 ./Drivers/STM32F3xx_HAL_Driver/Src/stm32f3xx_hal_spi.o
 .text.SPI_DMAHalfTransmitCplt
                0x080056b2       0x1c ./Drivers/STM32F3xx_HAL_Driver/Src/stm32f3xx_hal_spi.o
 .text.SPI_DMAError
                0x080056ce       0x40 ./Drivers/STM32F3xx_HAL_Driver/Src/stm32f3xx_hal_spi.o
 .text.SPI_DMAAbortOnError
                0x0800570e       0x2a ./Drivers/STM32F3xx_HAL_Driver/Src/stm32f3xx_hal_spi.o
 .text.SPI_WaitFlagStateUntilTimeout
                0x08005738      0x110 ./Drivers/STM32F3xx_HAL_Driver/Src/stm32f3xx_hal_spi.o
 .text.SPI_WaitFifoStateUntilTimeout
                0x08005848      0x12c ./Drivers/STM32F3xx_HAL_Driver/Src/stm32f3xx_hal_spi.o
 .text.SPI_EndRxTxTransaction
                0x08005974       0x8c ./Drivers/STM32F3xx_HAL_Driver/Src/stm32f3xx_hal_spi.o
 .text.HAL_TIM_Base_Init
                0x08005a00       0xae ./Drivers/STM32F3xx_HAL_Driver/Src/stm32f3xx_hal_tim.o
                0x08005a00                HAL_TIM_Base_Init
 *fill*         0x08005aae        0x2 
 .text.HAL_TIM_Base_Start
                0x08005ab0       0xd0 ./Drivers/STM32F3xx_HAL_Driver/Src/stm32f3xx_hal_tim.o
                0x08005ab0                HAL_TIM_Base_Start
 .text.HAL_TIM_ConfigClockSource
                0x08005b80      0x192 ./Drivers/STM32F3xx_HAL_Driver/Src/stm32f3xx_hal_tim.o
                0x08005b80                HAL_TIM_ConfigClockSource
 *fill*         0x08005d12        0x2 
 .text.TIM_Base_SetConfig
                0x08005d14      0x154 ./Drivers/STM32F3xx_HAL_Driver/Src/stm32f3xx_hal_tim.o
                0x08005d14                TIM_Base_SetConfig
 .text.TIM_TI1_ConfigInputStage
                0x08005e68       0x5e ./Drivers/STM32F3xx_HAL_Driver/Src/stm32f3xx_hal_tim.o
 .text.TIM_TI2_ConfigInputStage
                0x08005ec6       0x60 ./Drivers/STM32F3xx_HAL_Driver/Src/stm32f3xx_hal_tim.o
 .text.TIM_ITRx_SetConfig
                0x08005f26       0x36 ./Drivers/STM32F3xx_HAL_Driver/Src/stm32f3xx_hal_tim.o
 .text.TIM_ETR_SetConfig
                0x08005f5c       0x40 ./Drivers/STM32F3xx_HAL_Driver/Src/stm32f3xx_hal_tim.o
                0x08005f5c                TIM_ETR_SetConfig
 .text.HAL_TIMEx_MasterConfigSynchronization
                0x08005f9c      0x118 ./Drivers/STM32F3xx_HAL_Driver/Src/stm32f3xx_hal_tim_ex.o
                0x08005f9c                HAL_TIMEx_MasterConfigSynchronization
 .text.HAL_UART_Init
                0x080060b4       0x9c ./Drivers/STM32F3xx_HAL_Driver/Src/stm32f3xx_hal_uart.o
                0x080060b4                HAL_UART_Init
 .text.UART_SetConfig
                0x08006150      0x3a8 ./Drivers/STM32F3xx_HAL_Driver/Src/stm32f3xx_hal_uart.o
                0x08006150                UART_SetConfig
 .text.UART_AdvFeatureConfig
                0x080064f8      0x144 ./Drivers/STM32F3xx_HAL_Driver/Src/stm32f3xx_hal_uart.o
                0x080064f8                UART_AdvFeatureConfig
 .text.UART_CheckIdleState
                0x0800663c      0x150 ./Drivers/STM32F3xx_HAL_Driver/Src/stm32f3xx_hal_uart.o
                0x0800663c                UART_CheckIdleState
 .text.UART_WaitOnFlagUntilTimeout
                0x0800678c       0xda ./Drivers/STM32F3xx_HAL_Driver/Src/stm32f3xx_hal_uart.o
                0x0800678c                UART_WaitOnFlagUntilTimeout
 .text.UART_EndRxTransfer
                0x08006866       0xc8 ./Drivers/STM32F3xx_HAL_Driver/Src/stm32f3xx_hal_uart.o
 .text.memset   0x0800692e       0x10 D:/ST/STM32CubeIDE_2.0.0/STM32CubeIDE/plugins/com.st.stm32cube.ide.mcu.externaltools.gnu-tools-for-stm32.13.3.rel1.win32_1.0.100.202509120712/tools/bin/../lib/gcc/arm-none-eabi/13.3.1/../../../../arm-none-eabi/lib/thumb/v7e-m+fp/hard\libc_nano.a(libc_a-memset.o)
                0x0800692e                memset
 *fill*         0x0800693e        0x2 
 .text.__errno  0x08006940        0xc D:/ST/STM32CubeIDE_2.0.0/STM32CubeIDE/plugins/com.st.stm32cube.ide.mcu.externaltools.gnu-tools-for-stm32.13.3.rel1.win32_1.0.100.202509120712/tools/bin/../lib/gcc/arm-none-eabi/13.3.1/../../../../arm-none-eabi/lib/thumb/v7e-m+fp/hard\libc_nano.a(libc_a-errno.o)
                0x08006940                __errno
 .text.__libc_init_array
                0x0800694c       0x48 D:/ST/STM32CubeIDE_2.0.0/STM32CubeIDE/plugins/com.st.stm32cube.ide.mcu.externaltools.gnu-tools-for-stm32.13.3.rel1.win32_1.0.100.202509120712/tools/bin/../lib/gcc/arm-none-eabi/13.3.1/../../../../arm-none-eabi/lib/thumb/v7e-m+fp/hard\libc_nano.a(libc_a-init.o)
                0x0800694c                __libc_init_array
 .text.sqrtf    0x08006994       0x3c D:/ST/STM32CubeIDE_2.0.0/STM32CubeIDE/plugins/com.st.stm32cube.ide.mcu.externaltools.gnu-tools-for-stm32.13.3.rel1.win32_1.0.100.202509120712/tools/bin/../lib/gcc/arm-none-eabi/13.3.1/../../../../arm-none-eabi/lib/thumb/v7e-m+fp/hard\libm.a(libm_a-wf_sqrt.o)
                0x08006994                sqrtf
 .text.__ieee754_sqrtf
                0x080069d0        0x6 D:/ST/STM32CubeIDE_2.0.0/STM32CubeIDE/plugins/com.st.stm32cube.ide.mcu.externaltools.gnu-tools-for-stm32.13.3.rel1.win32_1.0.100.202509120712/tools/bin/../lib/gcc/arm-none-eabi/13.3.1/../../../../arm-none-eabi/lib/thumb/v7e-m+fp/hard\libm.a(libm_a-ef_sqrt.o)
                0x080069d0                __ieee754_sqrtf
 *(.glue_7)
 .glue_7        0x080069d6        0x0 linker stubs
 *(.glue_7t)
 .glue_7t       0x080069d6        0x0 linker stubs
 *(.eh_frame)
 *fill*         0x080069d6        0x2 
 .eh_frame      0x080069d8        0x0 D:/ST/STM32CubeIDE_2.0.0/STM32CubeIDE/plugins/com.st.stm32cube.ide.mcu.externaltools.gnu-tools-for-stm32.13.3.rel1.win32_1.0.100.202509120712/tools/bin/../lib/gcc/arm-none-eabi/13.3.1/thumb/v7e-m+fp/hard/crtbegin.o
 *(.init)
 .init          0x080069d8        0x4 D:/ST/STM32CubeIDE_2.0.0/STM32CubeIDE/plugins/com.st.stm32cube.ide.mcu.externaltools.gnu-tools-for-stm32.13.3.rel1.win32_1.0.100.202509120712/tools/bin/../lib/gcc/arm-none-eabi/13.3.1/thumb/v7e-m+fp/hard/crti.o
                0x080069d8                _init
 .init          0x080069dc        0x8 D:/ST/STM32CubeIDE_2.0.0/STM32CubeIDE/plugins/com.st.stm32cube.ide.mcu.externaltools.gnu-tools-for-stm32.13.3.rel1.win32_1.0.100.202509120712/tools/bin/../lib/gcc/arm-none-eabi/13.3.1/thumb/v7e-m+fp/hard/crtn.o
 *(.fini)
 .fini          0x080069e4        0x4 D:/ST/STM32CubeIDE_2.0.0/STM32CubeIDE/plugins/com.st.stm32cube.ide.mcu.externaltools.gnu-tools-for-stm32.13.3.rel1.win32_1.0.100.202509120712/tools/bin/../lib/gcc/arm-none-eabi/13.3.1/thumb/v7e-m+fp/hard/crti.o
                0x080069e4                _fini
 .fini          0x080069e8        0x8 D:/ST/STM32CubeIDE_2.0.0/STM32CubeIDE/plugins/com.st.stm32cube.ide.mcu.externaltools.gnu-tools-for-stm32.13.3.rel1.win32_1.0.100.202509120712/tools/bin/../lib/gcc/arm-none-eabi/13.3.1/thumb/v7e-m+fp/hard/crtn.o
                0x080069f0                        . = ALIGN (0x4)
                0x080069f0                        _etext = .

.vfp11_veneer   0x080069f0        0x0
 .vfp11_veneer  0x080069f0        0x0 linker stubs

.v4_bx          0x080069f0        0x0
 .v4_bx         0x080069f0        0x0 linker stubs

.iplt           0x080069f0        0x0
 .iplt          0x080069f0        0x0 D:/ST/STM32CubeIDE_2.0.0/STM32CubeIDE/plugins/com.st.stm32cube.ide.mcu.externaltools.gnu-tools-for-stm32.13.3.rel1.win32_1.0.100.202509120712/tools/bin/../lib/gcc/arm-none-eabi/13.3.1/thumb/v7e-m+fp/hard/crtbegin.o

.rodata         0x080069f0       0x38
                0x080069f0                        . = ALIGN (0x4)
 *(.rodata)
 *(.rodata*)
 .rodata.AHBPrescTable
                0x080069f0       0x10 ./Core/Src/system_stm32f3xx.o
                0x080069f0                AHBPrescTable
 .rodata.APBPrescTable
                0x08006a00        0x8 ./Core/Src/system_stm32f3xx.o
                0x08006a00                APBPrescTable
 .rodata.aPLLMULFactorTable
                0x08006a08       0x10 ./Drivers/STM32F3xx_HAL_Driver/Src/stm32f3xx_hal_rcc.o
 .rodata.aPredivFactorTable
                0x08006a18       0x10 ./Drivers/STM32F3xx_HAL_Driver/Src/stm32f3xx_hal_rcc.o
                0x08006a28                        . = ALIGN (0x4)

.ARM.extab      0x08006a28        0x0
                0x08006a28                        . = ALIGN (0x4)
 *(.ARM.extab* .gnu.linkonce.armextab.*)
                0x08006a28                        . = ALIGN (0x4)

.ARM            0x08006a28        0x0
                0x08006a28                        . = ALIGN (0x4)
                0x08006a28                        __exidx_start = .
 *(.ARM.exidx*)
                0x08006a28                        __exidx_end = .
                0x08006a28                        . = ALIGN (0x4)

.preinit_array  0x08006a28        0x0
                0x08006a28                        . = ALIGN (0x4)
                0x08006a28                        PROVIDE (__preinit_array_start = .)
 *(.preinit_array*)
                0x08006a28                        PROVIDE (__preinit_array_end = .)
                0x08006a28                        . = ALIGN (0x4)

.init_array     0x08006a28        0x4
                0x08006a28                        . = ALIGN (0x4)
                0x08006a28                        PROVIDE (__init_array_start = .)
 *(SORT_BY_NAME(.init_array.*))
 *(.init_array*)
 .init_array    0x08006a28        0x4 D:/ST/STM32CubeIDE_2.0.0/STM32CubeIDE/plugins/com.st.stm32cube.ide.mcu.externaltools.gnu-tools-for-stm32.13.3.rel1.win32_1.0.100.202509120712/tools/bin/../lib/gcc/arm-none-eabi/13.3.1/thumb/v7e-m+fp/hard/crtbegin.o
                0x08006a2c                        PROVIDE (__init_array_end = .)
                0x08006a2c                        . = ALIGN (0x4)

.fini_array     0x08006a2c        0x4
                0x08006a2c                        . = ALIGN (0x4)
                [!provide]                        PROVIDE (__fini_array_start = .)
 *(SORT_BY_NAME(.fini_array.*))
 *(.fini_array*)
 .fini_array    0x08006a2c        0x4 D:/ST/STM32CubeIDE_2.0.0/STM32CubeIDE/plugins/com.st.stm32cube.ide.mcu.externaltools.gnu-tools-for-stm32.13.3.rel1.win32_1.0.100.202509120712/tools/bin/../lib/gcc/arm-none-eabi/13.3.1/thumb/v7e-m+fp/hard/crtbegin.o
                [!provide]                        PROVIDE (__fini_array_end = .)
                0x08006a30                        . = ALIGN (0x4)
                0x08006a30                        _sidata = LOADADDR (.data)

.rel.dyn        0x08006a30        0x0
 .rel.iplt      0x08006a30        0x0 D:/ST/STM32CubeIDE_2.0.0/STM32CubeIDE/plugins/com.st.stm32cube.ide.mcu.externaltools.gnu-tools-for-stm32.13.3.rel1.win32_1.0.100.202509120712/tools/bin/../lib/gcc/arm-none-eabi/13.3.1/thumb/v7e-m+fp/hard/crtbegin.o

.data           0x20000000       0x5c load address 0x08006a30
                0x20000000                        . = ALIGN (0x4)
                0x20000000                        _sdata = .
 *(.data)
 *(.data*)
 .data.SystemCoreClock
                0x20000000        0x4 ./Core/Src/system_stm32f3xx.o
                0x20000000                SystemCoreClock
 .data.uwTickPrio
                0x20000004        0x4 ./Drivers/STM32F3xx_HAL_Driver/Src/stm32f3xx_hal.o
                0x20000004                uwTickPrio
 .data.uwTickFreq
                0x20000008        0x1 ./Drivers/STM32F3xx_HAL_Driver/Src/stm32f3xx_hal.o
                0x20000008                uwTickFreq
 *fill*         0x20000009        0x3 
 .data._impure_ptr
                0x2000000c        0x4 D:/ST/STM32CubeIDE_2.0.0/STM32CubeIDE/plugins/com.st.stm32cube.ide.mcu.externaltools.gnu-tools-for-stm32.13.3.rel1.win32_1.0.100.202509120712/tools/bin/../lib/gcc/arm-none-eabi/13.3.1/../../../../arm-none-eabi/lib/thumb/v7e-m+fp/hard\libc_nano.a(libc_a-impure.o)
                0x2000000c                _impure_ptr
 .data._impure_data
                0x20000010       0x4c D:/ST/STM32CubeIDE_2.0.0/STM32CubeIDE/plugins/com.st.stm32cube.ide.mcu.externaltools.gnu-tools-for-stm32.13.3.rel1.win32_1.0.100.202509120712/tools/bin/../lib/gcc/arm-none-eabi/13.3.1/../../../../arm-none-eabi/lib/thumb/v7e-m+fp/hard\libc_nano.a(libc_a-impure.o)
                0x20000010                _impure_data
 *(.RamFunc)
 *(.RamFunc*)
                0x2000005c                        . = ALIGN (0x4)
                0x2000005c                        _edata = .
                0x08006a8c                        _siccmram = LOADADDR (.ccmram)

.igot.plt       0x2000005c        0x0 load address 0x08006a8c
 .igot.plt      0x2000005c        0x0 D:/ST/STM32CubeIDE_2.0.0/STM32CubeIDE/plugins/com.st.stm32cube.ide.mcu.externaltools.gnu-tools-for-stm32.13.3.rel1.win32_1.0.100.202509120712/tools/bin/../lib/gcc/arm-none-eabi/13.3.1/thumb/v7e-m+fp/hard/crtbegin.o

.ccmram         0x10000000        0x0 load address 0x08006a8c
                0x10000000                        . = ALIGN (0x4)
                0x10000000                        _sccmram = .
 *(.ccmram)
 *(.ccmram*)
                0x10000000                        . = ALIGN (0x4)
                0x10000000                        _eccmram = .
                0x10000000                        . = ALIGN (0x4)

.bss            0x2000005c     0x14b8
                0x2000005c                        _sbss = .
                0x2000005c                        __bss_start__ = _sbss
 *(.bss)
 .bss           0x2000005c       0x1c D:/ST/STM32CubeIDE_2.0.0/STM32CubeIDE/plugins/com.st.stm32cube.ide.mcu.externaltools.gnu-tools-for-stm32.13.3.rel1.win32_1.0.100.202509120712/tools/bin/../lib/gcc/arm-none-eabi/13.3.1/thumb/v7e-m+fp/hard/crtbegin.o
 *(.bss*)
 .bss.hadc3     0x20000078       0x50 ./Core/Src/main.o
                0x20000078                hadc3
 .bss.hadc4     0x200000c8       0x50 ./Core/Src/main.o
                0x200000c8                hadc4
 .bss.hdma_adc3
                0x20000118       0x44 ./Core/Src/main.o
                0x20000118                hdma_adc3
 .bss.hdma_adc4
                0x2000015c       0x44 ./Core/Src/main.o
                0x2000015c                hdma_adc4
 .bss.hopamp3   0x200001a0       0x34 ./Core/Src/main.o
                0x200001a0                hopamp3
 .bss.hopamp4   0x200001d4       0x34 ./Core/Src/main.o
                0x200001d4                hopamp4
 .bss.hspi1     0x20000208       0x64 ./Core/Src/main.o
                0x20000208                hspi1
 .bss.hdma_spi1_tx
                0x2000026c       0x44 ./Core/Src/main.o
                0x2000026c                hdma_spi1_tx
 .bss.htim3     0x200002b0       0x4c ./Core/Src/main.o
                0x200002b0                htim3
 .bss.huart2    0x200002fc       0x88 ./Core/Src/main.o
                0x200002fc                huart2
 .bss.tx_packet
                0x20000384     0x104c ./Core/Src/main.o
                0x20000384                tx_packet
 .bss.adc3_ready
                0x200013d0        0x1 ./Core/Src/main.o
                0x200013d0                adc3_ready
 .bss.adc4_ready
                0x200013d1        0x1 ./Core/Src/main.o
                0x200013d1                adc4_ready
 *fill*         0x200013d2        0x2 
 .bss.HAL_RCC_ADC34_CLK_ENABLED
                0x200013d4        0x4 ./Core/Src/stm32f3xx_hal_msp.o
 .bss.uwTick    0x200013d8        0x4 ./Drivers/STM32F3xx_HAL_Driver/Src/stm32f3xx_hal.o
                0x200013d8                uwTick
 .bss.__sf      0x200013dc      0x138 D:/ST/STM32CubeIDE_2.0.0/STM32CubeIDE/plugins/com.st.stm32cube.ide.mcu.externaltools.gnu-tools-for-stm32.13.3.rel1.win32_1.0.100.202509120712/tools/bin/../lib/gcc/arm-none-eabi/13.3.1/../../../../arm-none-eabi/lib/thumb/v7e-m+fp/hard\libc_nano.a(libc_a-findfp.o)
                0x200013dc                __sf
 *(COMMON)
                0x20001514                        . = ALIGN (0x4)
                0x20001514                        _ebss = .
                0x20001514                        __bss_end__ = _ebss

._user_heap_stack
                0x20001514      0x604
                0x20001518                        . = ALIGN (0x8)
 *fill*         0x20001514        0x4 
                [!provide]                        PROVIDE (end = .)
                0x20001518                        PROVIDE (_end = .)
                0x20001718                        . = (. + _Min_Heap_Size)
 *fill*         0x20001518      0x200 
                0x20001b18                        . = (. + _Min_Stack_Size)
 *fill*         0x20001718      0x400 
                0x20001b18                        . = ALIGN (0x8)

/DISCARD/
 libc.a(*)
 libm.a(*)
 libgcc.a(*)

.ARM.attributes
                0x00000000       0x30
 *(.ARM.attributes)
 .ARM.attributes
                0x00000000       0x22 D:/ST/STM32CubeIDE_2.0.0/STM32CubeIDE/plugins/com.st.stm32cube.ide.mcu.externaltools.gnu-tools-for-stm32.13.3.rel1.win32_1.0.100.202509120712/tools/bin/../lib/gcc/arm-none-eabi/13.3.1/thumb/v7e-m+fp/hard/crti.o
 .ARM.attributes
                0x00000022       0x34 D:/ST/STM32CubeIDE_2.0.0/STM32CubeIDE/plugins/com.st.stm32cube.ide.mcu.externaltools.gnu-tools-for-stm32.13.3.rel1.win32_1.0.100.202509120712/tools/bin/../lib/gcc/arm-none-eabi/13.3.1/thumb/v7e-m+fp/hard/crtbegin.o
 .ARM.attributes
                0x00000056       0x34 ./Core/Src/main.o
 .ARM.attributes
                0x0000008a       0x34 ./Core/Src/stm32f3xx_hal_msp.o
 .ARM.attributes
                0x000000be       0x34 ./Core/Src/stm32f3xx_it.o
 .ARM.attributes
                0x000000f2       0x34 ./Core/Src/system_stm32f3xx.o
 .ARM.attributes
                0x00000126       0x21 ./Core/Startup/startup_stm32f303retx.o
 .ARM.attributes
                0x00000147       0x34 ./Drivers/STM32F3xx_HAL_Driver/Src/stm32f3xx_hal.o
 .ARM.attributes
                0x0000017b       0x34 ./Drivers/STM32F3xx_HAL_Driver/Src/stm32f3xx_hal_adc.o
 .ARM.attributes
                0x000001af       0x34 ./Drivers/STM32F3xx_HAL_Driver/Src/stm32f3xx_hal_adc_ex.o
 .ARM.attributes
                0x000001e3       0x34 ./Drivers/STM32F3xx_HAL_Driver/Src/stm32f3xx_hal_cortex.o
 .ARM.attributes
                0x00000217       0x34 ./Drivers/STM32F3xx_HAL_Driver/Src/stm32f3xx_hal_dma.o
 .ARM.attributes
                0x0000024b       0x34 ./Drivers/STM32F3xx_HAL_Driver/Src/stm32f3xx_hal_gpio.o
 .ARM.attributes
                0x0000027f       0x34 ./Drivers/STM32F3xx_HAL_Driver/Src/stm32f3xx_hal_opamp.o
 .ARM.attributes
                0x000002b3       0x34 ./Drivers/STM32F3xx_HAL_Driver/Src/stm32f3xx_hal_rcc.o
 .ARM.attributes
                0x000002e7       0x34 ./Drivers/STM32F3xx_HAL_Driver/Src/stm32f3xx_hal_rcc_ex.o
 .ARM.attributes
                0x0000031b       0x34 ./Drivers/STM32F3xx_HAL_Driver/Src/stm32f3xx_hal_spi.o
 .ARM.attributes
                0x0000034f       0x34 ./Drivers/STM32F3xx_HAL_Driver/Src/stm32f3xx_hal_tim.o
 .ARM.attributes
                0x00000383       0x34 ./Drivers/STM32F3xx_HAL_Driver/Src/stm32f3xx_hal_tim_ex.o
 .ARM.attributes
                0x000003b7       0x34 ./Drivers/STM32F3xx_HAL_Driver/Src/stm32f3xx_hal_uart.o
 .ARM.attributes
                0x000003eb       0x34 D:/ST/STM32CubeIDE_2.0.0/STM32CubeIDE/plugins/com.st.stm32cube.ide.mcu.externaltools.gnu-tools-for-stm32.13.3.rel1.win32_1.0.100.202509120712/tools/bin/../lib/gcc/arm-none-eabi/13.3.1/../../../../arm-none-eabi/lib/thumb/v7e-m+fp/hard\libc_nano.a(libc_a-findfp.o)
 .ARM.attributes
                0x0000041f       0x34 D:/ST/STM32CubeIDE_2.0.0/STM32CubeIDE/plugins/com.st.stm32cube.ide.mcu.externaltools.gnu-tools-for-stm32.13.3.rel1.win32_1.0.100.202509120712/tools/bin/../lib/gcc/arm-none-eabi/13.3.1/../../../../arm-none-eabi/lib/thumb/v7e-m+fp/hard\libc_nano.a(libc_a-memset.o)
 .ARM.attributes
                0x00000453       0x34 D:/ST/STM32CubeIDE_2.0.0/STM32CubeIDE/plugins/com.st.stm32cube.ide.mcu.externaltools.gnu-tools-for-stm32.13.3.rel1.win32_1.0.100.202509120712/tools/bin/../lib/gcc/arm-none-eabi/13.3.1/../../../../arm-none-eabi/lib/thumb/v7e-m+fp/hard\libc_nano.a(libc_a-impure.o)
 .ARM.attributes
                0x00000487       0x34 D:/ST/STM32CubeIDE_2.0.0/STM32CubeIDE/plugins/com.st.stm32cube.ide.mcu.externaltools.gnu-tools-for-stm32.13.3.rel1.win32_1.0.100.202509120712/tools/bin/../lib/gcc/arm-none-eabi/13.3.1/../../../../arm-none-eabi/lib/thumb/v7e-m+fp/hard\libc_nano.a(libc_a-errno.o)
 .ARM.attributes
                0x000004bb       0x34 D:/ST/STM32CubeIDE_2.0.0/STM32CubeIDE/plugins/com.st.stm32cube.ide.mcu.externaltools.gnu-tools-for-stm32.13.3.rel1.win32_1.0.100.202509120712/tools/bin/../lib/gcc/arm-none-eabi/13.3.1/../../../../arm-none-eabi/lib/thumb/v7e-m+fp/hard\libc_nano.a(libc_a-init.o)
 .ARM.attributes
                0x000004ef       0x34 D:/ST/STM32CubeIDE_2.0.0/STM32CubeIDE/plugins/com.st.stm32cube.ide.mcu.externaltools.gnu-tools-for-stm32.13.3.rel1.win32_1.0.100.202509120712/tools/bin/../lib/gcc/arm-none-eabi/13.3.1/../../../../arm-none-eabi/lib/thumb/v7e-m+fp/hard\libm.a(libm_a-wf_sqrt.o)
 .ARM.attributes
                0x00000523       0x34 D:/ST/STM32CubeIDE_2.0.0/STM32CubeIDE/plugins/com.st.stm32cube.ide.mcu.externaltools.gnu-tools-for-stm32.13.3.rel1.win32_1.0.100.202509120712/tools/bin/../lib/gcc/arm-none-eabi/13.3.1/../../../../arm-none-eabi/lib/thumb/v7e-m+fp/hard\libm.a(libm_a-ef_sqrt.o)
 .ARM.attributes
                0x00000557       0x22 D:/ST/STM32CubeIDE_2.0.0/STM32CubeIDE/plugins/com.st.stm32cube.ide.mcu.externaltools.gnu-tools-for-stm32.13.3.rel1.win32_1.0.100.202509120712/tools/bin/../lib/gcc/arm-none-eabi/13.3.1/thumb/v7e-m+fp/hard\libgcc.a(_arm_addsubsf3.o)
 .ARM.attributes
                0x00000579       0x22 D:/ST/STM32CubeIDE_2.0.0/STM32CubeIDE/plugins/com.st.stm32cube.ide.mcu.externaltools.gnu-tools-for-stm32.13.3.rel1.win32_1.0.100.202509120712/tools/bin/../lib/gcc/arm-none-eabi/13.3.1/thumb/v7e-m+fp/hard/crtn.o
OUTPUT(STM32Firmware.elf elf32-littlearm)
LOAD linker stubs
LOAD D:/ST/STM32CubeIDE_2.0.0/STM32CubeIDE/plugins/com.st.stm32cube.ide.mcu.externaltools.gnu-tools-for-stm32.13.3.rel1.win32_1.0.100.202509120712/tools/bin/../lib/gcc/arm-none-eabi/13.3.1/../../../../arm-none-eabi/lib/thumb/v7e-m+fp/hard\libc.a
LOAD D:/ST/STM32CubeIDE_2.0.0/STM32CubeIDE/plugins/com.st.stm32cube.ide.mcu.externaltools.gnu-tools-for-stm32.13.3.rel1.win32_1.0.100.202509120712/tools/bin/../lib/gcc/arm-none-eabi/13.3.1/../../../../arm-none-eabi/lib/thumb/v7e-m+fp/hard\libm.a
LOAD D:/ST/STM32CubeIDE_2.0.0/STM32CubeIDE/plugins/com.st.stm32cube.ide.mcu.externaltools.gnu-tools-for-stm32.13.3.rel1.win32_1.0.100.202509120712/tools/bin/../lib/gcc/arm-none-eabi/13.3.1/thumb/v7e-m+fp/hard\libgcc.a

.debug_info     0x00000000    0x13b63
 .debug_info    0x00000000     0x240f ./Core/Src/main.o
 .debug_info    0x0000240f     0x190f ./Core/Src/stm32f3xx_hal_msp.o
 .debug_info    0x00003d1e      0x694 ./Core/Src/stm32f3xx_it.o
 .debug_info    0x000043b2      0x407 ./Core/Src/system_stm32f3xx.o
 .debug_info    0x000047b9       0x30 ./Core/Startup/startup_stm32f303retx.o
 .debug_info    0x000047e9      0x804 ./Drivers/STM32F3xx_HAL_Driver/Src/stm32f3xx_hal.o
 .debug_info    0x00004fed      0xb32 ./Drivers/STM32F3xx_HAL_Driver/Src/stm32f3xx_hal_adc.o
 .debug_info    0x00005b1f     0x15b2 ./Drivers/STM32F3xx_HAL_Driver/Src/stm32f3xx_hal_adc_ex.o
 .debug_info    0x000070d1      0xd14 ./Drivers/STM32F3xx_HAL_Driver/Src/stm32f3xx_hal_cortex.o
 .debug_info    0x00007de5      0x6e1 ./Drivers/STM32F3xx_HAL_Driver/Src/stm32f3xx_hal_dma.o
 .debug_info    0x000084c6      0x6a6 ./Drivers/STM32F3xx_HAL_Driver/Src/stm32f3xx_hal_gpio.o
 .debug_info    0x00008b6c      0x59b ./Drivers/STM32F3xx_HAL_Driver/Src/stm32f3xx_hal_opamp.o
 .debug_info    0x00009107     0x149a ./Drivers/STM32F3xx_HAL_Driver/Src/stm32f3xx_hal_rcc.o
 .debug_info    0x0000a5a1      0x61b ./Drivers/STM32F3xx_HAL_Driver/Src/stm32f3xx_hal_rcc_ex.o
 .debug_info    0x0000abbc     0x1622 ./Drivers/STM32F3xx_HAL_Driver/Src/stm32f3xx_hal_spi.o
 .debug_info    0x0000c1de     0x2a70 ./Drivers/STM32F3xx_HAL_Driver/Src/stm32f3xx_hal_tim.o
 .debug_info    0x0000ec4e     0x156d ./Drivers/STM32F3xx_HAL_Driver/Src/stm32f3xx_hal_tim_ex.o
 .debug_info    0x000101bb     0x39a8 ./Drivers/STM32F3xx_HAL_Driver/Src/stm32f3xx_hal_uart.o

.debug_abbrev   0x00000000     0x2676
 .debug_abbrev  0x00000000      0x320 ./Core/Src/main.o
 .debug_abbrev  0x00000320      0x263 ./Core/Src/stm32f3xx_hal_msp.o
 .debug_abbrev  0x00000583      0x182 ./Core/Src/stm32f3xx_it.o
 .debug_abbrev  0x00000705      0x11a ./Core/Src/system_stm32f3xx.o
 .debug_abbrev  0x0000081f       0x24 ./Core/Startup/startup_stm32f303retx.o
 .debug_abbrev  0x00000843      0x215 ./Drivers/STM32F3xx_HAL_Driver/Src/stm32f3xx_hal.o
 .debug_abbrev  0x00000a58      0x186 ./Drivers/STM32F3xx_HAL_Driver/Src/stm32f3xx_hal_adc.o
 .debug_abbrev  0x00000bde      0x28e ./Drivers/STM32F3xx_HAL_Driver/Src/stm32f3xx_hal_adc_ex.o
 .debug_abbrev  0x00000e6c      0x31e ./Drivers/STM32F3xx_HAL_Driver/Src/stm32f3xx_hal_cortex.o
 .debug_abbrev  0x0000118a      0x20d ./Drivers/STM32F3xx_HAL_Driver/Src/stm32f3xx_hal_dma.o
 .debug_abbrev  0x00001397      0x1ca ./Drivers/STM32F3xx_HAL_Driver/Src/stm32f3xx_hal_gpio.o
 .debug_abbrev  0x00001561      0x1bf ./Drivers/STM32F3xx_HAL_Driver/Src/stm32f3xx_hal_opamp.o
 .debug_abbrev  0x00001720      0x300 ./Drivers/STM32F3xx_HAL_Driver/Src/stm32f3xx_hal_rcc.o
 .debug_abbrev  0x00001a20      0x221 ./Drivers/STM32F3xx_HAL_Driver/Src/stm32f3xx_hal_rcc_ex.o
 .debug_abbrev  0x00001c41      0x269 ./Drivers/STM32F3xx_HAL_Driver/Src/stm32f3xx_hal_spi.o
 .debug_abbrev  0x00001eaa      0x278 ./Drivers/STM32F3xx_HAL_Driver/Src/stm32f3xx_hal_tim.o
 .debug_abbrev  0x00002122      0x283 ./Drivers/STM32F3xx_HAL_Driver/Src/stm32f3xx_hal_tim_ex.o
 .debug_abbrev  0x000023a5      0x2d1 ./Drivers/STM32F3xx_HAL_Driver/Src/stm32f3xx_hal_uart.o

.debug_aranges  0x00000000     0x1168
 .debug_aranges
                0x00000000       0x90 ./Core/Src/main.o
 .debug_aranges
                0x00000090       0x70 ./Core/Src/stm32f3xx_hal_msp.o
 .debug_aranges
                0x00000100       0x80 ./Core/Src/stm32f3xx_it.o
 .debug_aranges
                0x00000180       0x28 ./Core/Src/system_stm32f3xx.o
 .debug_aranges
                0x000001a8       0x28 ./Core/Startup/startup_stm32f303retx.o
 .debug_aranges
                0x000001d0       0xe0 ./Drivers/STM32F3xx_HAL_Driver/Src/stm32f3xx_hal.o
 .debug_aranges
                0x000002b0       0xc8 ./Drivers/STM32F3xx_HAL_Driver/Src/stm32f3xx_hal_adc.o
 .debug_aranges
                0x00000378      0x168 ./Drivers/STM32F3xx_HAL_Driver/Src/stm32f3xx_hal_adc_ex.o
 .debug_aranges
                0x000004e0      0x128 ./Drivers/STM32F3xx_HAL_Driver/Src/stm32f3xx_hal_cortex.o
 .debug_aranges
                0x00000608       0x88 ./Drivers/STM32F3xx_HAL_Driver/Src/stm32f3xx_hal_dma.o
 .debug_aranges
                0x00000690       0x58 ./Drivers/STM32F3xx_HAL_Driver/Src/stm32f3xx_hal_gpio.o
 .debug_aranges
                0x000006e8       0x68 ./Drivers/STM32F3xx_HAL_Driver/Src/stm32f3xx_hal_opamp.o
 .debug_aranges
                0x00000750       0x88 ./Drivers/STM32F3xx_HAL_Driver/Src/stm32f3xx_hal_rcc.o
 .debug_aranges
                0x000007d8       0x38 ./Drivers/STM32F3xx_HAL_Driver/Src/stm32f3xx_hal_rcc_ex.o
 .debug_aranges
                0x00000810      0x1d8 ./Drivers/STM32F3xx_HAL_Driver/Src/stm32f3xx_hal_spi.o
 .debug_aranges
                0x000009e8      0x3e0 ./Drivers/STM32F3xx_HAL_Driver/Src/stm32f3xx_hal_tim.o
 .debug_aranges
                0x00000dc8      0x178 ./Drivers/STM32F3xx_HAL_Driver/Src/stm32f3xx_hal_tim_ex.o
 .debug_aranges
                0x00000f40      0x228 ./Drivers/STM32F3xx_HAL_Driver/Src/stm32f3xx_hal_uart.o

.debug_rnglists
                0x00000000      0xdb2
 .debug_rnglists
                0x00000000       0x6e ./Core/Src/main.o
 .debug_rnglists
                0x0000006e       0x54 ./Core/Src/stm32f3xx_hal_msp.o
 .debug_rnglists
                0x000000c2       0x5b ./Core/Src/stm32f3xx_it.o
 .debug_rnglists
                0x0000011d       0x1a ./Core/Src/system_stm32f3xx.o
 .debug_rnglists
                0x00000137       0x19 ./Core/Startup/startup_stm32f303retx.o
 .debug_rnglists
                0x00000150       0xa3 ./Drivers/STM32F3xx_HAL_Driver/Src/stm32f3xx_hal.o
 .debug_rnglists
                0x000001f3       0x91 ./Drivers/STM32F3xx_HAL_Driver/Src/stm32f3xx_hal_adc.o
 .debug_rnglists
                0x00000284      0x126 ./Drivers/STM32F3xx_HAL_Driver/Src/stm32f3xx_hal_adc_ex.o
 .debug_rnglists
                0x000003aa       0xda ./Drivers/STM32F3xx_HAL_Driver/Src/stm32f3xx_hal_cortex.o
 .debug_rnglists
                0x00000484       0x69 ./Drivers/STM32F3xx_HAL_Driver/Src/stm32f3xx_hal_dma.o
 .debug_rnglists
                0x000004ed       0x3f ./Drivers/STM32F3xx_HAL_Driver/Src/stm32f3xx_hal_gpio.o
 .debug_rnglists
                0x0000052c       0x4c ./Drivers/STM32F3xx_HAL_Driver/Src/stm32f3xx_hal_opamp.o
 .debug_rnglists
                0x00000578       0x66 ./Drivers/STM32F3xx_HAL_Driver/Src/stm32f3xx_hal_rcc.o
 .debug_rnglists
                0x000005de       0x29 ./Drivers/STM32F3xx_HAL_Driver/Src/stm32f3xx_hal_rcc_ex.o
 .debug_rnglists
                0x00000607      0x178 ./Drivers/STM32F3xx_HAL_Driver/Src/stm32f3xx_hal_spi.o
 .debug_rnglists
                0x0000077f      0x328 ./Drivers/STM32F3xx_HAL_Driver/Src/stm32f3xx_hal_tim.o
 .debug_rnglists
                0x00000aa7      0x131 ./Drivers/STM32F3xx_HAL_Driver/Src/stm32f3xx_hal_tim_ex.o
 .debug_rnglists
                0x00000bd8      0x1da ./Drivers/STM32F3xx_HAL_Driver/Src/stm32f3xx_hal_uart.o

.debug_macro    0x00000000    0x2247a
 .debug_macro   0x00000000      0x31c ./Core/Src/main.o
 .debug_macro   0x0000031c      0xad8 ./Core/Src/main.o
 .debug_macro   0x00000df4      0x170 ./Core/Src/main.o
 .debug_macro   0x00000f64       0x2e ./Core/Src/main.o
 .debug_macro   0x00000f92       0x28 ./Core/Src/main.o
 .debug_macro   0x00000fba       0x22 ./Core/Src/main.o
 .debug_macro   0x00000fdc       0x8e ./Core/Src/main.o
 .debug_macro   0x0000106a       0x51 ./Core/Src/main.o
 .debug_macro   0x000010bb      0x103 ./Core/Src/main.o
 .debug_macro   0x000011be       0x6a ./Core/Src/main.o
 .debug_macro   0x00001228      0x1df ./Core/Src/main.o
 .debug_macro   0x00001407       0x1c ./Core/Src/main.o
 .debug_macro   0x00001423       0x22 ./Core/Src/main.o
 .debug_macro   0x00001445       0xd9 ./Core/Src/main.o
 .debug_macro   0x0000151e     0x102d ./Core/Src/main.o
 .debug_macro   0x0000254b      0x11f ./Core/Src/main.o
 .debug_macro   0x0000266a    0x1535a ./Core/Src/main.o
 .debug_macro   0x000179c4       0x6d ./Core/Src/main.o
 .debug_macro   0x00017a31     0x3574 ./Core/Src/main.o
 .debug_macro   0x0001afa5      0x190 ./Core/Src/main.o
 .debug_macro   0x0001b135       0x55 ./Core/Src/main.o
 .debug_macro   0x0001b18a      0x953 ./Core/Src/main.o
 .debug_macro   0x0001badd      0x84a ./Core/Src/main.o
 .debug_macro   0x0001c327      0x1b5 ./Core/Src/main.o
 .debug_macro   0x0001c4dc      0x23a ./Core/Src/main.o
 .debug_macro   0x0001c716      0x1ea ./Core/Src/main.o
 .debug_macro   0x0001c900      0x1bc ./Core/Src/main.o
 .debug_macro   0x0001cabc       0x30 ./Core/Src/main.o
 .debug_macro   0x0001caec       0x3c ./Core/Src/main.o
 .debug_macro   0x0001cb28      0x235 ./Core/Src/main.o
 .debug_macro   0x0001cd5d      0x9fe ./Core/Src/main.o
 .debug_macro   0x0001d75b       0x77 ./Core/Src/main.o
 .debug_macro   0x0001d7d2       0xc5 ./Core/Src/main.o
 .debug_macro   0x0001d897      0x21d ./Core/Src/main.o
 .debug_macro   0x0001dab4      0x22c ./Core/Src/main.o
 .debug_macro   0x0001dce0       0x5b ./Core/Src/main.o
 .debug_macro   0x0001dd3b       0xa5 ./Core/Src/main.o
 .debug_macro   0x0001dde0      0x17d ./Core/Src/main.o
 .debug_macro   0x0001df5d       0x81 ./Core/Src/main.o
 .debug_macro   0x0001dfde       0xd3 ./Core/Src/main.o
 .debug_macro   0x0001e0b1      0x2fe ./Core/Src/main.o
 .debug_macro   0x0001e3af      0xa60 ./Core/Src/main.o
 .debug_macro   0x0001ee0f       0xba ./Core/Src/main.o
 .debug_macro   0x0001eec9      0x5ba ./Core/Src/main.o
 .debug_macro   0x0001f483       0x44 ./Core/Src/main.o
 .debug_macro   0x0001f4c7      0x347 ./Core/Src/main.o
 .debug_macro   0x0001f80e       0x58 ./Core/Src/main.o
 .debug_macro   0x0001f866       0x61 ./Core/Src/main.o
 .debug_macro   0x0001f8c7       0x2a ./Core/Src/main.o
 .debug_macro   0x0001f8f1       0x43 ./Core/Src/main.o
 .debug_macro   0x0001f934       0x34 ./Core/Src/main.o
 .debug_macro   0x0001f968      0x370 ./Core/Src/main.o
 .debug_macro   0x0001fcd8       0x16 ./Core/Src/main.o
 .debug_macro   0x0001fcee       0x4a ./Core/Src/main.o
 .debug_macro   0x0001fd38       0x34 ./Core/Src/main.o
 .debug_macro   0x0001fd6c       0x10 ./Core/Src/main.o
 .debug_macro   0x0001fd7c       0x58 ./Core/Src/main.o
 .debug_macro   0x0001fdd4       0x8e ./Core/Src/main.o
 .debug_macro   0x0001fe62       0x1c ./Core/Src/main.o
 .debug_macro   0x0001fe7e      0x185 ./Core/Src/main.o
 .debug_macro   0x00020003       0x10 ./Core/Src/main.o
 .debug_macro   0x00020013       0x3c ./Core/Src/main.o
 .debug_macro   0x0002004f       0x20 ./Core/Src/main.o
 .debug_macro   0x0002006f      0x19b ./Core/Src/main.o
 .debug_macro   0x0002020a      0x229 ./Core/Src/stm32f3xx_hal_msp.o
 .debug_macro   0x00020433      0x233 ./Core/Src/stm32f3xx_it.o
 .debug_macro   0x00020666      0x21a ./Core/Src/system_stm32f3xx.o
 .debug_macro   0x00020880      0x23e ./Drivers/STM32F3xx_HAL_Driver/Src/stm32f3xx_hal.o
 .debug_macro   0x00020abe      0x21b ./Drivers/STM32F3xx_HAL_Driver/Src/stm32f3xx_hal_adc.o
 .debug_macro   0x00020cd9      0x244 ./Drivers/STM32F3xx_HAL_Driver/Src/stm32f3xx_hal_adc_ex.o
 .debug_macro   0x00020f1d      0x21a ./Drivers/STM32F3xx_HAL_Driver/Src/stm32f3xx_hal_cortex.o
 .debug_macro   0x00021137      0x21a ./Drivers/STM32F3xx_HAL_Driver/Src/stm32f3xx_hal_dma.o
 .debug_macro   0x00021351      0x221 ./Drivers/STM32F3xx_HAL_Driver/Src/stm32f3xx_hal_gpio.o
 .debug_macro   0x00021572      0x222 ./Drivers/STM32F3xx_HAL_Driver/Src/stm32f3xx_hal_opamp.o
 .debug_macro   0x00021794      0x23e ./Drivers/STM32F3xx_HAL_Driver/Src/stm32f3xx_hal_rcc.o
 .debug_macro   0x000219d2      0x21a ./Drivers/STM32F3xx_HAL_Driver/Src/stm32f3xx_hal_rcc_ex.o
 .debug_macro   0x00021bec      0x222 ./Drivers/STM32F3xx_HAL_Driver/Src/stm32f3xx_hal_spi.o
 .debug_macro   0x00021e0e      0x21b ./Drivers/STM32F3xx_HAL_Driver/Src/stm32f3xx_hal_tim.o
 .debug_macro   0x00022029      0x21a ./Drivers/STM32F3xx_HAL_Driver/Src/stm32f3xx_hal_tim_ex.o
 .debug_macro   0x00022243      0x237 ./Drivers/STM32F3xx_HAL_Driver/Src/stm32f3xx_hal_uart.o

.debug_line     0x00000000    0x16b60
 .debug_line    0x00000000     0x1131 ./Core/Src/main.o
 .debug_line    0x00001131      0xa47 ./Core/Src/stm32f3xx_hal_msp.o
 .debug_line    0x00001b78      0x91b ./Core/Src/stm32f3xx_it.o
 .debug_line    0x00002493      0x88b ./Core/Src/system_stm32f3xx.o
 .debug_line    0x00002d1e       0x7a ./Core/Startup/startup_stm32f303retx.o
 .debug_line    0x00002d98      0xac2 ./Drivers/STM32F3xx_HAL_Driver/Src/stm32f3xx_hal.o
 .debug_line    0x0000385a      0x9fc ./Drivers/STM32F3xx_HAL_Driver/Src/stm32f3xx_hal_adc.o
 .debug_line    0x00004256     0x2712 ./Drivers/STM32F3xx_HAL_Driver/Src/stm32f3xx_hal_adc_ex.o
 .debug_line    0x00006968      0xd8d ./Drivers/STM32F3xx_HAL_Driver/Src/stm32f3xx_hal_cortex.o
 .debug_line    0x000076f5      0xdb0 ./Drivers/STM32F3xx_HAL_Driver/Src/stm32f3xx_hal_dma.o
 .debug_line    0x000084a5      0xc35 ./Drivers/STM32F3xx_HAL_Driver/Src/stm32f3xx_hal_gpio.o
 .debug_line    0x000090da      0xaeb ./Drivers/STM32F3xx_HAL_Driver/Src/stm32f3xx_hal_opamp.o
 .debug_line    0x00009bc5     0x1639 ./Drivers/STM32F3xx_HAL_Driver/Src/stm32f3xx_hal_rcc.o
 .debug_line    0x0000b1fe     0x1025 ./Drivers/STM32F3xx_HAL_Driver/Src/stm32f3xx_hal_rcc_ex.o
 .debug_line    0x0000c223     0x2153 ./Drivers/STM32F3xx_HAL_Driver/Src/stm32f3xx_hal_spi.o
 .debug_line    0x0000e376     0x3f79 ./Drivers/STM32F3xx_HAL_Driver/Src/stm32f3xx_hal_tim.o
 .debug_line    0x000122ef     0x1b33 ./Drivers/STM32F3xx_HAL_Driver/Src/stm32f3xx_hal_tim_ex.o
 .debug_line    0x00013e22     0x2d3e ./Drivers/STM32F3xx_HAL_Driver/Src/stm32f3xx_hal_uart.o

.debug_str      0x00000000    0xd6ce8
 .debug_str     0x00000000    0xd6ce8 ./Core/Src/main.o
                              0xd3b3d (size before relaxing)
 .debug_str     0x000d6ce8        0x0 ./Core/Src/stm32f3xx_hal_msp.o
                              0xcf8e0 (size before relaxing)
 .debug_str     0x000d6ce8        0x0 ./Core/Src/stm32f3xx_it.o
                              0xcea13 (size before relaxing)
 .debug_str     0x000d6ce8        0x0 ./Core/Src/system_stm32f3xx.o
                              0xce4c6 (size before relaxing)
 .debug_str     0x000d6ce8        0x0 ./Core/Startup/startup_stm32f303retx.o
                                 0x8f (size before relaxing)
 .debug_str     0x000d6ce8        0x0 ./Drivers/STM32F3xx_HAL_Driver/Src/stm32f3xx_hal.o
                              0xced6f (size before relaxing)
 .debug_str     0x000d6ce8        0x0 ./Drivers/STM32F3xx_HAL_Driver/Src/stm32f3xx_hal_adc.o
                              0xceab3 (size before relaxing)
 .debug_str     0x000d6ce8        0x0 ./Drivers/STM32F3xx_HAL_Driver/Src/stm32f3xx_hal_adc_ex.o
                              0xcf1cc (size before relaxing)
 .debug_str     0x000d6ce8        0x0 ./Drivers/STM32F3xx_HAL_Driver/Src/stm32f3xx_hal_cortex.o
                              0xcedf3 (size before relaxing)
 .debug_str     0x000d6ce8        0x0 ./Drivers/STM32F3xx_HAL_Driver/Src/stm32f3xx_hal_dma.o
                              0xce80e (size before relaxing)
 .debug_str     0x000d6ce8        0x0 ./Drivers/STM32F3xx_HAL_Driver/Src/stm32f3xx_hal_gpio.o
                              0xce6ab (size before relaxing)
 .debug_str     0x000d6ce8        0x0 ./Drivers/STM32F3xx_HAL_Driver/Src/stm32f3xx_hal_opamp.o
                              0xce784 (size before relaxing)
 .debug_str     0x000d6ce8        0x0 ./Drivers/STM32F3xx_HAL_Driver/Src/stm32f3xx_hal_rcc.o
                              0xce96a (size before relaxing)
 .debug_str     0x000d6ce8        0x0 ./Drivers/STM32F3xx_HAL_Driver/Src/stm32f3xx_hal_rcc_ex.o
                              0xce7b4 (size before relaxing)
 .debug_str     0x000d6ce8        0x0 ./Drivers/STM32F3xx_HAL_Driver/Src/stm32f3xx_hal_spi.o
                              0xcedec (size before relaxing)
 .debug_str     0x000d6ce8        0x0 ./Drivers/STM32F3xx_HAL_Driver/Src/stm32f3xx_hal_tim.o
                              0xcf8fd (size before relaxing)
 .debug_str     0x000d6ce8        0x0 ./Drivers/STM32F3xx_HAL_Driver/Src/stm32f3xx_hal_tim_ex.o
                              0xcf143 (size before relaxing)
 .debug_str     0x000d6ce8        0x0 ./Drivers/STM32F3xx_HAL_Driver/Src/stm32f3xx_hal_uart.o
                              0xcf1e9 (size before relaxing)

.comment        0x00000000       0x43
 .comment       0x00000000       0x43 ./Core/Src/main.o
                                 0x44 (size before relaxing)
 .comment       0x00000043        0x0 ./Core/Src/stm32f3xx_hal_msp.o
                                 0x44 (size before relaxing)
 .comment       0x00000043        0x0 ./Core/Src/stm32f3xx_it.o
                                 0x44 (size before relaxing)
 .comment       0x00000043        0x0 ./Core/Src/system_stm32f3xx.o
                                 0x44 (size before relaxing)
 .comment       0x00000043        0x0 ./Drivers/STM32F3xx_HAL_Driver/Src/stm32f3xx_hal.o
                                 0x44 (size before relaxing)
 .comment       0x00000043        0x0 ./Drivers/STM32F3xx_HAL_Driver/Src/stm32f3xx_hal_adc.o
                                 0x44 (size before relaxing)
 .comment       0x00000043        0x0 ./Drivers/STM32F3xx_HAL_Driver/Src/stm32f3xx_hal_adc_ex.o
                                 0x44 (size before relaxing)
 .comment       0x00000043        0x0 ./Drivers/STM32F3xx_HAL_Driver/Src/stm32f3xx_hal_cortex.o
                                 0x44 (size before relaxing)
 .comment       0x00000043        0x0 ./Drivers/STM32F3xx_HAL_Driver/Src/stm32f3xx_hal_dma.o
                                 0x44 (size before relaxing)
 .comment       0x00000043        0x0 ./Drivers/STM32F3xx_HAL_Driver/Src/stm32f3xx_hal_gpio.o
                                 0x44 (size before relaxing)
 .comment       0x00000043        0x0 ./Drivers/STM32F3xx_HAL_Driver/Src/stm32f3xx_hal_opamp.o
                                 0x44 (size before relaxing)
 .comment       0x00000043        0x0 ./Drivers/STM32F3xx_HAL_Driver/Src/stm32f3xx_hal_rcc.o
                                 0x44 (size before relaxing)
 .comment       0x00000043        0x0 ./Drivers/STM32F3xx_HAL_Driver/Src/stm32f3xx_hal_rcc_ex.o
                                 0x44 (size before relaxing)
 .comment       0x00000043        0x0 ./Drivers/STM32F3xx_HAL_Driver/Src/stm32f3xx_hal_spi.o
                                 0x44 (size before relaxing)
 .comment       0x00000043        0x0 ./Drivers/STM32F3xx_HAL_Driver/Src/stm32f3xx_hal_tim.o
                                 0x44 (size before relaxing)
 .comment       0x00000043        0x0 ./Drivers/STM32F3xx_HAL_Driver/Src/stm32f3xx_hal_tim_ex.o
                                 0x44 (size before relaxing)
 .comment       0x00000043        0x0 ./Drivers/STM32F3xx_HAL_Driver/Src/stm32f3xx_hal_uart.o
                                 0x44 (size before relaxing)

.debug_frame    0x00000000     0x4c68
 .debug_frame   0x00000000      0x210 ./Core/Src/main.o
 .debug_frame   0x00000210      0x1a4 ./Core/Src/stm32f3xx_hal_msp.o
 .debug_frame   0x000003b4      0x174 ./Core/Src/stm32f3xx_it.o
 .debug_frame   0x00000528       0x58 ./Core/Src/system_stm32f3xx.o
 .debug_frame   0x00000580      0x334 ./Drivers/STM32F3xx_HAL_Driver/Src/stm32f3xx_hal.o
 .debug_frame   0x000008b4      0x380 ./Drivers/STM32F3xx_HAL_Driver/Src/stm32f3xx_hal_adc.o
 .debug_frame   0x00000c34      0x644 ./Drivers/STM32F3xx_HAL_Driver/Src/stm32f3xx_hal_adc_ex.o
 .debug_frame   0x00001278      0x4e8 ./Drivers/STM32F3xx_HAL_Driver/Src/stm32f3xx_hal_cortex.o
 .debug_frame   0x00001760      0x224 ./Drivers/STM32F3xx_HAL_Driver/Src/stm32f3xx_hal_dma.o
 .debug_frame   0x00001984      0x14c ./Drivers/STM32F3xx_HAL_Driver/Src/stm32f3xx_hal_gpio.o
 .debug_frame   0x00001ad0      0x198 ./Drivers/STM32F3xx_HAL_Driver/Src/stm32f3xx_hal_opamp.o
 .debug_frame   0x00001c68      0x214 ./Drivers/STM32F3xx_HAL_Driver/Src/stm32f3xx_hal_rcc.o
 .debug_frame   0x00001e7c       0xb0 ./Drivers/STM32F3xx_HAL_Driver/Src/stm32f3xx_hal_rcc_ex.o
 .debug_frame   0x00001f2c      0x860 ./Drivers/STM32F3xx_HAL_Driver/Src/stm32f3xx_hal_spi.o
 .debug_frame   0x0000278c     0x1218 ./Drivers/STM32F3xx_HAL_Driver/Src/stm32f3xx_hal_tim.o
 .debug_frame   0x000039a4      0x688 ./Drivers/STM32F3xx_HAL_Driver/Src/stm32f3xx_hal_tim_ex.o
 .debug_frame   0x0000402c      0x9e8 ./Drivers/STM32F3xx_HAL_Driver/Src/stm32f3xx_hal_uart.o
 .debug_frame   0x00004a14      0x144 D:/ST/STM32CubeIDE_2.0.0/STM32CubeIDE/plugins/com.st.stm32cube.ide.mcu.externaltools.gnu-tools-for-stm32.13.3.rel1.win32_1.0.100.202509120712/tools/bin/../lib/gcc/arm-none-eabi/13.3.1/../../../../arm-none-eabi/lib/thumb/v7e-m+fp/hard\libc_nano.a(libc_a-findfp.o)
 .debug_frame   0x00004b58       0x20 D:/ST/STM32CubeIDE_2.0.0/STM32CubeIDE/plugins/com.st.stm32cube.ide.mcu.externaltools.gnu-tools-for-stm32.13.3.rel1.win32_1.0.100.202509120712/tools/bin/../lib/gcc/arm-none-eabi/13.3.1/../../../../arm-none-eabi/lib/thumb/v7e-m+fp/hard\libc_nano.a(libc_a-memset.o)
 .debug_frame   0x00004b78       0x20 D:/ST/STM32CubeIDE_2.0.0/STM32CubeIDE/plugins/com.st.stm32cube.ide.mcu.externaltools.gnu-tools-for-stm32.13.3.rel1.win32_1.0.100.202509120712/tools/bin/../lib/gcc/arm-none-eabi/13.3.1/../../../../arm-none-eabi/lib/thumb/v7e-m+fp/hard\libc_nano.a(libc_a-errno.o)
 .debug_frame   0x00004b98       0x2c D:/ST/STM32CubeIDE_2.0.0/STM32CubeIDE/plugins/com.st.stm32cube.ide.mcu.externaltools.gnu-tools-for-stm32.13.3.rel1.win32_1.0.100.202509120712/tools/bin/../lib/gcc/arm-none-eabi/13.3.1/../../../../arm-none-eabi/lib/thumb/v7e-m+fp/hard\libc_nano.a(libc_a-init.o)
 .debug_frame   0x00004bc4       0x38 D:/ST/STM32CubeIDE_2.0.0/STM32CubeIDE/plugins/com.st.stm32cube.ide.mcu.externaltools.gnu-tools-for-stm32.13.3.rel1.win32_1.0.100.202509120712/tools/bin/../lib/gcc/arm-none-eabi/13.3.1/../../../../arm-none-eabi/lib/thumb/v7e-m+fp/hard\libm.a(libm_a-wf_sqrt.o)
 .debug_frame   0x00004bfc       0x20 D:/ST/STM32CubeIDE_2.0.0/STM32CubeIDE/plugins/com.st.stm32cube.ide.mcu.externaltools.gnu-tools-for-stm32.13.3.rel1.win32_1.0.100.202509120712/tools/bin/../lib/gcc/arm-none-eabi/13.3.1/../../../../arm-none-eabi/lib/thumb/v7e-m+fp/hard\libm.a(libm_a-ef_sqrt.o)
 .debug_frame   0x00004c1c       0x4c D:/ST/STM32CubeIDE_2.0.0/STM32CubeIDE/plugins/com.st.stm32cube.ide.mcu.externaltools.gnu-tools-for-stm32.13.3.rel1.win32_1.0.100.202509120712/tools/bin/../lib/gcc/arm-none-eabi/13.3.1/thumb/v7e-m+fp/hard\libgcc.a(_arm_addsubsf3.o)

.debug_line_str
                0x00000000       0x73
 .debug_line_str
                0x00000000       0x73 ./Core/Startup/startup_stm32f303retx.o
